Archive member included to satisfy reference by file (symbol)

/usr/lib/gcc/arm-none-eabi/14.2.0/thumb/v7e-m+fp/hard/libgcc.a(_arm_muldf3.o)
                              build/application/src/usart.o (__aeabi_dmul)
/usr/lib/gcc/arm-none-eabi/14.2.0/thumb/v7e-m+fp/hard/libgcc.a(_arm_addsubdf3.o)
                              build/application/src/usart.o (__aeabi_dsub)
/usr/lib/gcc/arm-none-eabi/14.2.0/thumb/v7e-m+fp/hard/libgcc.a(_arm_muldivdf3.o)
                              build/application/src/usart.o (__aeabi_ddiv)
/usr/lib/gcc/arm-none-eabi/14.2.0/thumb/v7e-m+fp/hard/libgcc.a(_arm_fixdfsi.o)
                              build/application/src/usart.o (__aeabi_d2iz)
/usr/lib/gcc/arm-none-eabi/14.2.0/../../../../arm-none-eabi/lib/thumb/v7e-m+fp/hard/libc_nano.a(libc_a-atexit.o)
                              /usr/lib/gcc/arm-none-eabi/14.2.0/../../../../arm-none-eabi/lib/thumb/v7e-m+fp/hard/crt0.o (atexit)
/usr/lib/gcc/arm-none-eabi/14.2.0/../../../../arm-none-eabi/lib/thumb/v7e-m+fp/hard/libc_nano.a(libc_a-exit.o)
                              /usr/lib/gcc/arm-none-eabi/14.2.0/../../../../arm-none-eabi/lib/thumb/v7e-m+fp/hard/crt0.o (exit)
/usr/lib/gcc/arm-none-eabi/14.2.0/../../../../arm-none-eabi/lib/thumb/v7e-m+fp/hard/libc_nano.a(libc_a-findfp.o)
                              /usr/lib/gcc/arm-none-eabi/14.2.0/../../../../arm-none-eabi/lib/thumb/v7e-m+fp/hard/libc_nano.a(libc_a-exit.o) (__stdio_exit_handler)
/usr/lib/gcc/arm-none-eabi/14.2.0/../../../../arm-none-eabi/lib/thumb/v7e-m+fp/hard/libc_nano.a(libc_a-fwalk.o)
                              /usr/lib/gcc/arm-none-eabi/14.2.0/../../../../arm-none-eabi/lib/thumb/v7e-m+fp/hard/libc_nano.a(libc_a-findfp.o) (_fwalk_sglue)
/usr/lib/gcc/arm-none-eabi/14.2.0/../../../../arm-none-eabi/lib/thumb/v7e-m+fp/hard/libc_nano.a(libc_a-printf.o)
                              build/application/src/main.o (printf)
/usr/lib/gcc/arm-none-eabi/14.2.0/../../../../arm-none-eabi/lib/thumb/v7e-m+fp/hard/libc_nano.a(libc_a-puts.o)
                              build/application/src/main.o (puts)
/usr/lib/gcc/arm-none-eabi/14.2.0/../../../../arm-none-eabi/lib/thumb/v7e-m+fp/hard/libc_nano.a(libc_a-setvbuf.o)
                              build/application/src/usart.o (setvbuf)
/usr/lib/gcc/arm-none-eabi/14.2.0/../../../../arm-none-eabi/lib/thumb/v7e-m+fp/hard/libc_nano.a(libc_a-stdio.o)
                              /usr/lib/gcc/arm-none-eabi/14.2.0/../../../../arm-none-eabi/lib/thumb/v7e-m+fp/hard/libc_nano.a(libc_a-findfp.o) (__sread)
/usr/lib/gcc/arm-none-eabi/14.2.0/../../../../arm-none-eabi/lib/thumb/v7e-m+fp/hard/libc_nano.a(libc_a-wbuf.o)
                              /usr/lib/gcc/arm-none-eabi/14.2.0/../../../../arm-none-eabi/lib/thumb/v7e-m+fp/hard/libc_nano.a(libc_a-puts.o) (__swbuf_r)
/usr/lib/gcc/arm-none-eabi/14.2.0/../../../../arm-none-eabi/lib/thumb/v7e-m+fp/hard/libc_nano.a(libc_a-wsetup.o)
                              /usr/lib/gcc/arm-none-eabi/14.2.0/../../../../arm-none-eabi/lib/thumb/v7e-m+fp/hard/libc_nano.a(libc_a-puts.o) (__swsetup_r)
/usr/lib/gcc/arm-none-eabi/14.2.0/../../../../arm-none-eabi/lib/thumb/v7e-m+fp/hard/libc_nano.a(libc_a-memset.o)
                              /usr/lib/gcc/arm-none-eabi/14.2.0/../../../../arm-none-eabi/lib/thumb/v7e-m+fp/hard/crt0.o (memset)
/usr/lib/gcc/arm-none-eabi/14.2.0/../../../../arm-none-eabi/lib/thumb/v7e-m+fp/hard/libc_nano.a(libc_a-closer.o)
                              /usr/lib/gcc/arm-none-eabi/14.2.0/../../../../arm-none-eabi/lib/thumb/v7e-m+fp/hard/libc_nano.a(libc_a-stdio.o) (_close_r)
/usr/lib/gcc/arm-none-eabi/14.2.0/../../../../arm-none-eabi/lib/thumb/v7e-m+fp/hard/libc_nano.a(libc_a-reent.o)
                              /usr/lib/gcc/arm-none-eabi/14.2.0/../../../../arm-none-eabi/lib/thumb/v7e-m+fp/hard/libc_nano.a(libc_a-closer.o) (errno)
/usr/lib/gcc/arm-none-eabi/14.2.0/../../../../arm-none-eabi/lib/thumb/v7e-m+fp/hard/libc_nano.a(libc_a-impure.o)
                              build/application/src/usart.o (_impure_ptr)
/usr/lib/gcc/arm-none-eabi/14.2.0/../../../../arm-none-eabi/lib/thumb/v7e-m+fp/hard/libc_nano.a(libc_a-lseekr.o)
                              /usr/lib/gcc/arm-none-eabi/14.2.0/../../../../arm-none-eabi/lib/thumb/v7e-m+fp/hard/libc_nano.a(libc_a-stdio.o) (_lseek_r)
/usr/lib/gcc/arm-none-eabi/14.2.0/../../../../arm-none-eabi/lib/thumb/v7e-m+fp/hard/libc_nano.a(libc_a-readr.o)
                              /usr/lib/gcc/arm-none-eabi/14.2.0/../../../../arm-none-eabi/lib/thumb/v7e-m+fp/hard/libc_nano.a(libc_a-stdio.o) (_read_r)
/usr/lib/gcc/arm-none-eabi/14.2.0/../../../../arm-none-eabi/lib/thumb/v7e-m+fp/hard/libc_nano.a(libc_a-writer.o)
                              /usr/lib/gcc/arm-none-eabi/14.2.0/../../../../arm-none-eabi/lib/thumb/v7e-m+fp/hard/libc_nano.a(libc_a-stdio.o) (_write_r)
/usr/lib/gcc/arm-none-eabi/14.2.0/../../../../arm-none-eabi/lib/thumb/v7e-m+fp/hard/libc_nano.a(libc_a-errno.o)
                              build/core/src/syscalls.o (__errno)
[...]
Memory Configuration

Name             Origin             Length             Attributes
RAM              0x20000000         0x00020000         xrw
FLASH            0x08000000         0x00080000         xr
*default*        0x00000000         0xffffffff

Linker script and memory map

LOAD /usr/lib/gcc/arm-none-eabi/14.2.0/thumb/v7e-m+fp/hard/crti.o
LOAD /usr/lib/gcc/arm-none-eabi/14.2.0/thumb/v7e-m+fp/hard/crtbegin.o
LOAD /usr/lib/gcc/arm-none-eabi/14.2.0/../../../../arm-none-eabi/lib/thumb/v7e-m+fp/hard/crt0.o
LOAD build/application/src/main.o
LOAD build/application/src/nrf24l01.o
LOAD build/application/src/usart.o
LOAD build/application/src/system_clock_config.o
LOAD build/application/src/gpio_configs.o
LOAD build/core/src/segger_fault_handler.o
LOAD build/core/src/syscalls.o
LOAD build/core/src/sysmem.o
LOAD build/drivers/stm32f4xx/system_stm32f4xx.o
LOAD build/middlewares/freertos/croutine.o
LOAD build/middlewares/freertos/event_groups.o
LOAD build/middlewares/freertos/list.o
LOAD build/middlewares/freertos/queue.o
LOAD build/middlewares/freertos/stream_buffer.o
LOAD build/middlewares/freertos/tasks.o
LOAD build/middlewares/freertos/timers.o
LOAD build/middlewares/freertos/portable/GCC/ARM_CM4F/port.o
LOAD build/middlewares/freertos/portable/MemMang/heap_4.o
LOAD build/startup/startup_stm32f411xe.o
LOAD /usr/lib/gcc/arm-none-eabi/14.2.0/../../../../arm-none-eabi/lib/thumb/v7e-m+fp/hard/libstdc++_nano.a
LOAD /usr/lib/gcc/arm-none-eabi/14.2.0/../../../../arm-none-eabi/lib/thumb/v7e-m+fp/hard/libm.a
START GROUP
LOAD /usr/lib/gcc/arm-none-eabi/14.2.0/thumb/v7e-m+fp/hard/libgcc.a
LOAD /usr/lib/gcc/arm-none-eabi/14.2.0/../../../../arm-none-eabi/lib/thumb/v7e-m+fp/hard/libc_nano.a
END GROUP
START GROUP
LOAD /usr/lib/gcc/arm-none-eabi/14.2.0/thumb/v7e-m+fp/hard/libgcc.a
LOAD /usr/lib/gcc/arm-none-eabi/14.2.0/../../../../arm-none-eabi/lib/thumb/v7e-m+fp/hard/libc_nano.a
END GROUP
LOAD /usr/lib/gcc/arm-none-eabi/14.2.0/thumb/v7e-m+fp/hard/crtend.o
LOAD /usr/lib/gcc/arm-none-eabi/14.2.0/thumb/v7e-m+fp/hard/crtn.o
                0x20020000                        _estack = (ORIGIN (RAM) + LENGTH (RAM))
                0x00000200                        _Min_Heap_Size = 0x200
                0x00000400                        _Min_Stack_Size = 0x400

.isr_vector     0x08000000      0x198
                0x08000000                        . = ALIGN (0x4)
 *(.isr_vector)
 .isr_vector    0x08000000      0x198 build/startup/startup_stm32f411xe.o
                0x08000000                g_pfnVectors
                0x08000198                        . = ALIGN (0x4)

.text           0x080001a0     0x3cd0
                0x080001a0                        . = ALIGN (0x4)
 *(.text)
 .text          0x080001a0      0x378 /usr/lib/gcc/arm-none-eabi/14.2.0/thumb/v7e-m+fp/hard/libgcc.a(_arm_addsubdf3.o)
                0x080001a0                __aeabi_drsub
                0x080001a8                __aeabi_dsub
                0x080001a8                __subdf3
                0x080001ac                __adddf3
                0x080001ac                __aeabi_dadd
                0x08000424                __aeabi_ui2d
                0x08000424                __floatunsidf
                0x08000444                __floatsidf
                0x08000444                __aeabi_i2d
                0x08000468                __extendsfdf2
                0x08000468                __aeabi_f2d
                0x080004ac                __aeabi_ul2d
                0x080004ac                __floatundidf
                0x080004bc                __floatdidf
                0x080004bc                __aeabi_l2d
 .text          0x08000518      0x424 /usr/lib/gcc/arm-none-eabi/14.2.0/thumb/v7e-m+fp/hard/libgcc.a(_arm_muldivdf3.o)
                0x08000518                __aeabi_dmul
                0x08000518                __muldf3
                0x0800076c                __aeabi_ddiv
                0x0800076c                __divdf3
 .text          0x0800093c       0x50 /usr/lib/gcc/arm-none-eabi/14.2.0/thumb/v7e-m+fp/hard/libgcc.a(_arm_fixdfsi.o)
                0x0800093c                __fixdfsi
                0x0800093c                __aeabi_d2iz
 *fill*         0x0800098c        0x4 
 .text          0x08000990       0xa0 /usr/lib/gcc/arm-none-eabi/14.2.0/../../../../arm-none-eabi/lib/thumb/v7e-m+fp/hard/libc_nano.a(libc_a-memchr.o)
                0x08000990                memchr
 *(.text*)
 .text.__do_global_dtors_aux
                0x08000a30       0x24 /usr/lib/gcc/arm-none-eabi/14.2.0/thumb/v7e-m+fp/hard/crtbegin.o
 .text.frame_dummy
                0x08000a54       0x1c /usr/lib/gcc/arm-none-eabi/14.2.0/thumb/v7e-m+fp/hard/crtbegin.o
 .text._Z14NRF24_TestTaskPv
                0x08000a70      0x1b0 build/application/src/main.o
                0x08000a70                NRF24_TestTask(void*)
 .text.ADC_IRQHandler
                0x08000c20       0x2c build/application/src/main.o
                0x08000c20                ADC_IRQHandler
 .text.main     0x08000c4c       0x74 build/application/src/main.o
                0x08000c4c                main
 .text.SPI1_Transfer
                0x08000cc0       0x5c build/application/src/nrf24l01.o
                0x08000cc0                SPI1_Transfer
 .text.SPI1_Init
                0x08000d1c       0x68 build/application/src/nrf24l01.o
                0x08000d1c                SPI1_Init
 .text.init_dwt
                0x08000d84       0x28 build/application/src/nrf24l01.o
                0x08000d84                init_dwt
 .text.NRF24_ReadReg
                0x08000dac       0x24 build/application/src/nrf24l01.o
                0x08000dac                NRF24_ReadReg
 .text.NRF24_WriteReg
                0x08000dd0       0x28 build/application/src/nrf24l01.o
                0x08000dd0                NRF24_WriteReg
 .text.NRF24_WriteAddr
                0x08000df8       0x34 build/application/src/nrf24l01.o
                0x08000df8                NRF24_WriteAddr
 .text.NRF24_ReadPayload
                0x08000e2c       0x30 build/application/src/nrf24l01.o
                0x08000e2c                NRF24_ReadPayload
 .text.NRF24_SendACK_Payload
                0x08000e5c       0x34 build/application/src/nrf24l01.o
                0x08000e5c                NRF24_SendACK_Payload
 .text.NRF24_SendInitialACK_Payload
                0x08000e90       0x4c build/application/src/nrf24l01.o
                0x08000e90                NRF24_SendInitialACK_Payload
 .text.NRF24_IsHardwareAlive
                0x08000edc       0x12 build/application/src/nrf24l01.o
                0x08000edc                NRF24_IsHardwareAlive
 *fill*         0x08000eee        0x2 
 .text.NRF24_Init_Receiver
                0x08000ef0       0x94 build/application/src/nrf24l01.o
                0x08000ef0                NRF24_Init_Receiver
 .text.NRF24_ProcessRX
                0x08000f84       0x5c build/application/src/nrf24l01.o
                0x08000f84                NRF24_ProcessRX
 .text.NRF24_Task
                0x08000fe0       0x50 build/application/src/nrf24l01.o
                0x08000fe0                NRF24_Task
 .text.init_uart
                0x08001030      0x130 build/application/src/usart.o
                0x08001030                init_uart
 .text.sendByte
                0x08001160        0xc build/application/src/usart.o
                0x08001160                sendByte
 .text._write   0x0800116c       0x20 build/application/src/usart.o
                0x0800116c                _write
 .text.SystemClock_Config
                0x0800118c       0xac build/application/src/system_clock_config.o
                0x0800118c                SystemClock_Config
 .text.HardFault_Handler
                0x08001238       0x12 build/core/src/segger_fault_handler.o
                0x08001238                HardFault_Handler
 .text.HardFaultHandler
                0x0800124a       0x26 build/core/src/segger_fault_handler.o
                0x0800124a                HardFaultHandler
 .text._read    0x08001270       0x20 build/core/src/syscalls.o
                0x08001270                _read
 .text._close   0x08001290        0x6 build/core/src/syscalls.o
                0x08001290                _close
 .text._fstat   0x08001296        0xa build/core/src/syscalls.o
                0x08001296                _fstat
 .text._isatty  0x080012a0        0x4 build/core/src/syscalls.o
                0x080012a0                _isatty
 .text._lseek   0x080012a4        0x4 build/core/src/syscalls.o
                0x080012a4                _lseek
 .text._sbrk    0x080012a8       0x48 build/core/src/sysmem.o
                0x080012a8                _sbrk
 .text.SystemInit
                0x080012f0       0x1c build/drivers/stm32f4xx/system_stm32f4xx.o
                0x080012f0                SystemInit
 *fill*         0x0800130c        0x4 
 .text.vListInitialise
                0x08001310       0x28 build/middlewares/freertos/list.o
                0x08001310                vListInitialise
 .text.vListInitialiseItem
                0x08001338        0x6 build/middlewares/freertos/list.o
                0x08001338                vListInitialiseItem
 .text.vListInsert
                0x0800133e       0x40 build/middlewares/freertos/list.o
                0x0800133e                vListInsert
 .text.uxListRemove
                0x0800137e       0x24 build/middlewares/freertos/list.o
                0x0800137e                uxListRemove
 .text.prvIsQueueEmpty
                0x080013a2       0x1a build/middlewares/freertos/queue.o
 .text.prvCopyDataToQueue
                0x080013bc       0x76 build/middlewares/freertos/queue.o
 .text.prvCopyDataFromQueue
                0x08001432       0x24 build/middlewares/freertos/queue.o
 .text.prvNotifyQueueSetContainer
                0x08001456       0x58 build/middlewares/freertos/queue.o
 .text.prvUnlockQueue
                0x080014ae       0x82 build/middlewares/freertos/queue.o
 .text.xQueueGenericReset
                0x08001530       0x96 build/middlewares/freertos/queue.o
                0x08001530                xQueueGenericReset
 .text.prvInitialiseNewQueue
                0x080015c6       0x20 build/middlewares/freertos/queue.o
 .text.xQueueGenericCreateStatic
                0x080015e6       0x3c build/middlewares/freertos/queue.o
                0x080015e6                xQueueGenericCreateStatic
 .text.xQueueReceive
                0x08001622      0x116 build/middlewares/freertos/queue.o
                0x08001622                xQueueReceive
 .text.vQueueWaitForMessageRestricted
                0x08001738       0x5a build/middlewares/freertos/queue.o
                0x08001738                vQueueWaitForMessageRestricted
 *fill*         0x08001792        0x2 
 .text.prvGetExpectedIdleTime
                0x08001794       0x60 build/middlewares/freertos/tasks.o
 .text.prvResetNextTaskUnblockTime
                0x080017f4       0x34 build/middlewares/freertos/tasks.o
 .text.prvInitialiseNewTask
                0x08001828       0x9c build/middlewares/freertos/tasks.o
 .text.prvCreateStaticTask
                0x080018c4       0x52 build/middlewares/freertos/tasks.o
 *fill*         0x08001916        0x2 
 .text.prvInitialiseTaskLists
                0x08001918       0x64 build/middlewares/freertos/tasks.o
 .text.prvAddNewTaskToReadyList
                0x0800197c       0xc0 build/middlewares/freertos/tasks.o
 .text.prvCreateTask
                0x08001a3c       0x5c build/middlewares/freertos/tasks.o
 .text.prvDeleteTCB
                0x08001a98       0x24 build/middlewares/freertos/tasks.o
 .text.prvCheckTasksWaitingTermination
                0x08001abc       0x4c build/middlewares/freertos/tasks.o
 .text.prvAddCurrentTaskToDelayedList
                0x08001b08       0xc8 build/middlewares/freertos/tasks.o
 .text.xTaskCreateStatic
                0x08001bd0       0x28 build/middlewares/freertos/tasks.o
                0x08001bd0                xTaskCreateStatic
 .text.xTaskCreate
                0x08001bf8       0x22 build/middlewares/freertos/tasks.o
                0x08001bf8                xTaskCreate
 *fill*         0x08001c1a        0x2 
 .text.vTaskSuspendAll
                0x08001c1c       0x10 build/middlewares/freertos/tasks.o
                0x08001c1c                vTaskSuspendAll
 .text.xTaskGetTickCount
                0x08001c2c       0x1c build/middlewares/freertos/tasks.o
                0x08001c2c                xTaskGetTickCount
 .text.uxTaskGetNumberOfTasks
                0x08001c48        0xc build/middlewares/freertos/tasks.o
                0x08001c48                uxTaskGetNumberOfTasks
 .text.vTaskStepTick
                0x08001c54       0x60 build/middlewares/freertos/tasks.o
                0x08001c54                vTaskStepTick
 .text.xTaskIncrementTick
                0x08001cb4      0x174 build/middlewares/freertos/tasks.o
                0x08001cb4                xTaskIncrementTick
 .text.xTaskResumeAll
                0x08001e28      0x14c build/middlewares/freertos/tasks.o
                0x08001e28                xTaskResumeAll
 .text.vTaskDelay
                0x08001f74       0x3a build/middlewares/freertos/tasks.o
                0x08001f74                vTaskDelay
 *fill*         0x08001fae        0x2 
 .text.prvIdleTask
                0x08001fb0       0x50 build/middlewares/freertos/tasks.o
 .text.vTaskSwitchContext
                0x08002000       0x74 build/middlewares/freertos/tasks.o
                0x08002000                vTaskSwitchContext
 .text.vTaskPlaceOnEventList
                0x08002074       0x20 build/middlewares/freertos/tasks.o
                0x08002074                vTaskPlaceOnEventList
 .text.vTaskPlaceOnEventListRestricted
                0x08002094       0x40 build/middlewares/freertos/tasks.o
                0x08002094                vTaskPlaceOnEventListRestricted
 .text.xTaskRemoveFromEventList
                0x080020d4       0xd8 build/middlewares/freertos/tasks.o
                0x080020d4                xTaskRemoveFromEventList
 .text.vTaskInternalSetTimeOutState
                0x080021ac       0x1c build/middlewares/freertos/tasks.o
                0x080021ac                vTaskInternalSetTimeOutState
 .text.xTaskCheckForTimeOut
                0x080021c8       0xb0 build/middlewares/freertos/tasks.o
                0x080021c8                xTaskCheckForTimeOut
 .text.vTaskMissedYield
                0x08002278        0xc build/middlewares/freertos/tasks.o
                0x08002278                vTaskMissedYield
 .text.eTaskConfirmSleepModeStatus
                0x08002284       0x4c build/middlewares/freertos/tasks.o
                0x08002284                eTaskConfirmSleepModeStatus
 .text.xTaskPriorityDisinherit
                0x080022d0       0x78 build/middlewares/freertos/tasks.o
                0x080022d0                xTaskPriorityDisinherit
 .text.vApplicationGetIdleTaskMemory
                0x08002348       0x18 build/middlewares/freertos/tasks.o
                0x08002348                vApplicationGetIdleTaskMemory
 .text.prvCreateIdleTasks
                0x08002360       0x6c build/middlewares/freertos/tasks.o
 .text.vTaskStartScheduler
                0x080023cc       0x5c build/middlewares/freertos/tasks.o
                0x080023cc                vTaskStartScheduler
 .text.vApplicationGetTimerTaskMemory
                0x08002428       0x18 build/middlewares/freertos/tasks.o
                0x08002428                vApplicationGetTimerTaskMemory
 .text.prvGetNextExpireTime
                0x08002440       0x24 build/middlewares/freertos/timers.o
 .text.prvInsertTimerInActiveList
                0x08002464       0x64 build/middlewares/freertos/timers.o
 .text.prvReloadTimer
                0x080024c8       0x46 build/middlewares/freertos/timers.o
 *fill*         0x0800250e        0x2 
 .text.prvProcessExpiredTimer
                0x08002510       0x54 build/middlewares/freertos/timers.o
 .text.prvSwitchTimerLists
                0x08002564       0x34 build/middlewares/freertos/timers.o
 .text.prvSampleTimeNow
                0x08002598       0x38 build/middlewares/freertos/timers.o
 .text.prvProcessTimerOrBlockTask
                0x080025d0       0x88 build/middlewares/freertos/timers.o
 .text.prvProcessReceivedCommands
                0x08002658      0x128 build/middlewares/freertos/timers.o
 .text.prvTimerTask
                0x08002780       0x16 build/middlewares/freertos/timers.o
 *fill*         0x08002796        0x2 
 .text.prvCheckForValidListAndQueue
                0x08002798       0x60 build/middlewares/freertos/timers.o
 .text.xTimerCreateTimerTask
                0x080027f8       0x5c build/middlewares/freertos/timers.o
                0x080027f8                xTimerCreateTimerTask
 .text.prvTaskExitError
                0x08002854       0x20 build/middlewares/freertos/portable/GCC/ARM_CM4F/port.o
 .text.prvPortStartFirstTask
                0x08002874       0x28 build/middlewares/freertos/portable/GCC/ARM_CM4F/port.o
 .text.vPortEnableVFP
                0x0800289c       0x14 build/middlewares/freertos/portable/GCC/ARM_CM4F/port.o
 .text.pxPortInitialiseStack
                0x080028b0       0x2c build/middlewares/freertos/portable/GCC/ARM_CM4F/port.o
                0x080028b0                pxPortInitialiseStack
 *fill*         0x080028dc        0x4 
 .text.SVC_Handler
                0x080028e0       0x24 build/middlewares/freertos/portable/GCC/ARM_CM4F/port.o
                0x080028e0                SVC_Handler
 .text.vPortEnterCritical
                0x08002904       0x20 build/middlewares/freertos/portable/GCC/ARM_CM4F/port.o
                0x08002904                vPortEnterCritical
 .text.vPortExitCritical
                0x08002924       0x14 build/middlewares/freertos/portable/GCC/ARM_CM4F/port.o
                0x08002924                vPortExitCritical
 *fill*         0x08002938        0x8 
 .text.PendSV_Handler
                0x08002940       0x64 build/middlewares/freertos/portable/GCC/ARM_CM4F/port.o
                0x08002940                PendSV_Handler
 .text.SysTick_Handler
                0x080029a4       0x2c build/middlewares/freertos/portable/GCC/ARM_CM4F/port.o
                0x080029a4                SysTick_Handler
 .text.vPortSuppressTicksAndSleep
                0x080029d0      0x120 build/middlewares/freertos/portable/GCC/ARM_CM4F/port.o
                0x080029d0                vPortSuppressTicksAndSleep
 .text.vPortSetupTimerInterrupt
                0x08002af0       0x3c build/middlewares/freertos/portable/GCC/ARM_CM4F/port.o
                0x08002af0                vPortSetupTimerInterrupt
 .text.xPortStartScheduler
                0x08002b2c       0x50 build/middlewares/freertos/portable/GCC/ARM_CM4F/port.o
                0x08002b2c                xPortStartScheduler
 .text.prvHeapInit
                0x08002b7c       0x58 build/middlewares/freertos/portable/MemMang/heap_4.o
 .text.prvInsertBlockIntoFreeList
                0x08002bd4       0x64 build/middlewares/freertos/portable/MemMang/heap_4.o
 .text.pvPortMalloc
                0x08002c38       0xd4 build/middlewares/freertos/portable/MemMang/heap_4.o
                0x08002c38                pvPortMalloc
 .text.vPortFree
                0x08002d0c       0x54 build/middlewares/freertos/portable/MemMang/heap_4.o
                0x08002d0c                vPortFree
 .text.Reset_Handler
                0x08002d60       0x50 build/startup/startup_stm32f411xe.o
                0x08002d60                Reset_Handler
 .text.Default_Handler
                0x08002db0        0x2 build/startup/startup_stm32f411xe.o
                0x08002db0                RTC_Alarm_IRQHandler
                0x08002db0                EXTI2_IRQHandler
                0x08002db0                DebugMon_Handler
                0x08002db0                SPI4_IRQHandler
                0x08002db0                TIM1_CC_IRQHandler
                0x08002db0                DMA2_Stream5_IRQHandler
                0x08002db0                DMA1_Stream5_IRQHandler
                0x08002db0                PVD_IRQHandler
                0x08002db0                SDIO_IRQHandler
                0x08002db0                TAMP_STAMP_IRQHandler
                0x08002db0                NMI_Handler
                0x08002db0                EXTI3_IRQHandler
                0x08002db0                TIM1_UP_TIM10_IRQHandler
                0x08002db0                I2C3_ER_IRQHandler
                0x08002db0                EXTI0_IRQHandler
                0x08002db0                I2C2_EV_IRQHandler
                0x08002db0                DMA1_Stream2_IRQHandler
                0x08002db0                FPU_IRQHandler
                0x08002db0                UsageFault_Handler
                0x08002db0                DMA2_Stream2_IRQHandler
                0x08002db0                SPI1_IRQHandler
                0x08002db0                TIM1_BRK_TIM9_IRQHandler
                0x08002db0                DMA2_Stream3_IRQHandler
                0x08002db0                USART6_IRQHandler
                0x08002db0                DMA2_Stream0_IRQHandler
                0x08002db0                TIM4_IRQHandler
                0x08002db0                I2C1_EV_IRQHandler
                0x08002db0                DMA1_Stream6_IRQHandler
                0x08002db0                DMA1_Stream1_IRQHandler
                0x08002db0                TIM3_IRQHandler
                0x08002db0                RCC_IRQHandler
                0x08002db0                Default_Handler
                0x08002db0                EXTI15_10_IRQHandler
                0x08002db0                DMA1_Stream7_IRQHandler
                0x08002db0                SPI5_IRQHandler
                0x08002db0                TIM5_IRQHandler
                0x08002db0                DMA2_Stream7_IRQHandler
                0x08002db0                I2C3_EV_IRQHandler
                0x08002db0                EXTI9_5_IRQHandler
                0x08002db0                RTC_WKUP_IRQHandler
                0x08002db0                SPI2_IRQHandler
                0x08002db0                MemManage_Handler
                0x08002db0                DMA1_Stream0_IRQHandler
                0x08002db0                EXTI4_IRQHandler
                0x08002db0                WWDG_IRQHandler
                0x08002db0                TIM2_IRQHandler
                0x08002db0                OTG_FS_WKUP_IRQHandler
                0x08002db0                TIM1_TRG_COM_TIM11_IRQHandler
                0x08002db0                EXTI1_IRQHandler
                0x08002db0                USART2_IRQHandler
                0x08002db0                I2C2_ER_IRQHandler
                0x08002db0                DMA2_Stream1_IRQHandler
                0x08002db0                FLASH_IRQHandler
                0x08002db0                DMA2_Stream4_IRQHandler
                0x08002db0                BusFault_Handler
                0x08002db0                USART1_IRQHandler
                0x08002db0                OTG_FS_IRQHandler
                0x08002db0                SPI3_IRQHandler
                0x08002db0                DMA1_Stream4_IRQHandler
                0x08002db0                I2C1_ER_IRQHandler
                0x08002db0                DMA2_Stream6_IRQHandler
                0x08002db0                DMA1_Stream3_IRQHandler
 *fill*         0x08002db2        0x2 
 .text.std      0x08002db4       0x6c /usr/lib/gcc/arm-none-eabi/14.2.0/../../../../arm-none-eabi/lib/thumb/v7e-m+fp/hard/libc_nano.a(libc_a-findfp.o)
 .text.stdio_exit_handler
                0x08002e20       0x18 /usr/lib/gcc/arm-none-eabi/14.2.0/../../../../arm-none-eabi/lib/thumb/v7e-m+fp/hard/libc_nano.a(libc_a-findfp.o)
 .text.cleanup_stdio
                0x08002e38       0x40 /usr/lib/gcc/arm-none-eabi/14.2.0/../../../../arm-none-eabi/lib/thumb/v7e-m+fp/hard/libc_nano.a(libc_a-findfp.o)
 .text.global_stdio_init.part.0
                0x08002e78       0x40 /usr/lib/gcc/arm-none-eabi/14.2.0/../../../../arm-none-eabi/lib/thumb/v7e-m+fp/hard/libc_nano.a(libc_a-findfp.o)
 .text.__sfp_lock_acquire
                0x08002eb8        0xc /usr/lib/gcc/arm-none-eabi/14.2.0/../../../../arm-none-eabi/lib/thumb/v7e-m+fp/hard/libc_nano.a(libc_a-findfp.o)
                0x08002eb8                __sfp_lock_acquire
 .text.__sfp_lock_release
                0x08002ec4        0xc /usr/lib/gcc/arm-none-eabi/14.2.0/../../../../arm-none-eabi/lib/thumb/v7e-m+fp/hard/libc_nano.a(libc_a-findfp.o)
                0x08002ec4                __sfp_lock_release
 .text.__sinit  0x08002ed0       0x30 /usr/lib/gcc/arm-none-eabi/14.2.0/../../../../arm-none-eabi/lib/thumb/v7e-m+fp/hard/libc_nano.a(libc_a-findfp.o)
                0x08002ed0                __sinit
 .text._fwalk_sglue
                0x08002f00       0x3c /usr/lib/gcc/arm-none-eabi/14.2.0/../../../../arm-none-eabi/lib/thumb/v7e-m+fp/hard/libc_nano.a(libc_a-fwalk.o)
                0x08002f00                _fwalk_sglue
 .text.printf   0x08002f3c       0x24 /usr/lib/gcc/arm-none-eabi/14.2.0/../../../../arm-none-eabi/lib/thumb/v7e-m+fp/hard/libc_nano.a(libc_a-printf.o)
                0x08002f3c                printf
                0x08002f3c                iprintf
 .text._puts_r  0x08002f60       0xaa /usr/lib/gcc/arm-none-eabi/14.2.0/../../../../arm-none-eabi/lib/thumb/v7e-m+fp/hard/libc_nano.a(libc_a-puts.o)
                0x08002f60                _puts_r
 *fill*         0x0800300a        0x2 
 .text.puts     0x0800300c       0x10 /usr/lib/gcc/arm-none-eabi/14.2.0/../../../../arm-none-eabi/lib/thumb/v7e-m+fp/hard/libc_nano.a(libc_a-puts.o)
                0x0800300c                puts
 .text.setvbuf  0x0800301c      0x168 /usr/lib/gcc/arm-none-eabi/14.2.0/../../../../arm-none-eabi/lib/thumb/v7e-m+fp/hard/libc_nano.a(libc_a-setvbuf.o)
                0x0800301c                setvbuf
 .text.__sread  0x08003184       0x22 /usr/lib/gcc/arm-none-eabi/14.2.0/../../../../arm-none-eabi/lib/thumb/v7e-m+fp/hard/libc_nano.a(libc_a-stdio.o)
                0x08003184                __sread
 .text.__swrite
                0x080031a6       0x38 /usr/lib/gcc/arm-none-eabi/14.2.0/../../../../arm-none-eabi/lib/thumb/v7e-m+fp/hard/libc_nano.a(libc_a-stdio.o)
                0x080031a6                __swrite
 .text.__sseek  0x080031de       0x26 /usr/lib/gcc/arm-none-eabi/14.2.0/../../../../arm-none-eabi/lib/thumb/v7e-m+fp/hard/libc_nano.a(libc_a-stdio.o)
                0x080031de                __sseek
 .text.__sclose
                0x08003204        0x8 /usr/lib/gcc/arm-none-eabi/14.2.0/../../../../arm-none-eabi/lib/thumb/v7e-m+fp/hard/libc_nano.a(libc_a-stdio.o)
                0x08003204                __sclose
 .text.__swbuf_r
                0x0800320c       0x7c /usr/lib/gcc/arm-none-eabi/14.2.0/../../../../arm-none-eabi/lib/thumb/v7e-m+fp/hard/libc_nano.a(libc_a-wbuf.o)
                0x0800320c                __swbuf_r
 .text.__swsetup_r
                0x08003288       0xa8 /usr/lib/gcc/arm-none-eabi/14.2.0/../../../../arm-none-eabi/lib/thumb/v7e-m+fp/hard/libc_nano.a(libc_a-wsetup.o)
                0x08003288                __swsetup_r
 .text.memset   0x08003330       0x10 /usr/lib/gcc/arm-none-eabi/14.2.0/../../../../arm-none-eabi/lib/thumb/v7e-m+fp/hard/libc_nano.a(libc_a-memset.o)
                0x08003330                memset
 .text._close_r
                0x08003340       0x20 /usr/lib/gcc/arm-none-eabi/14.2.0/../../../../arm-none-eabi/lib/thumb/v7e-m+fp/hard/libc_nano.a(libc_a-closer.o)
                0x08003340                _close_r
 .text._lseek_r
                0x08003360       0x24 /usr/lib/gcc/arm-none-eabi/14.2.0/../../../../arm-none-eabi/lib/thumb/v7e-m+fp/hard/libc_nano.a(libc_a-lseekr.o)
                0x08003360                _lseek_r
 .text._read_r  0x08003384       0x24 /usr/lib/gcc/arm-none-eabi/14.2.0/../../../../arm-none-eabi/lib/thumb/v7e-m+fp/hard/libc_nano.a(libc_a-readr.o)
                0x08003384                _read_r
 .text._write_r
                0x080033a8       0x24 /usr/lib/gcc/arm-none-eabi/14.2.0/../../../../arm-none-eabi/lib/thumb/v7e-m+fp/hard/libc_nano.a(libc_a-writer.o)
                0x080033a8                _write_r
 .text.__errno  0x080033cc        0xc /usr/lib/gcc/arm-none-eabi/14.2.0/../../../../arm-none-eabi/lib/thumb/v7e-m+fp/hard/libc_nano.a(libc_a-errno.o)
                0x080033cc                __errno
 .text.__libc_init_array
                0x080033d8       0x48 /usr/lib/gcc/arm-none-eabi/14.2.0/../../../../arm-none-eabi/lib/thumb/v7e-m+fp/hard/libc_nano.a(libc_a-init.o)
                0x080033d8                __libc_init_array
 .text.__retarget_lock_init_recursive
                0x08003420        0x2 /usr/lib/gcc/arm-none-eabi/14.2.0/../../../../arm-none-eabi/lib/thumb/v7e-m+fp/hard/libc_nano.a(libc_a-lock.o)
                0x08003420                __retarget_lock_init_recursive
 .text.__retarget_lock_acquire_recursive
                0x08003422        0x2 /usr/lib/gcc/arm-none-eabi/14.2.0/../../../../arm-none-eabi/lib/thumb/v7e-m+fp/hard/libc_nano.a(libc_a-lock.o)
                0x08003422                __retarget_lock_acquire_recursive
 .text.__retarget_lock_release_recursive
                0x08003424        0x2 /usr/lib/gcc/arm-none-eabi/14.2.0/../../../../arm-none-eabi/lib/thumb/v7e-m+fp/hard/libc_nano.a(libc_a-lock.o)
                0x08003424                __retarget_lock_release_recursive
 .text.memcpy   0x08003426       0x1c /usr/lib/gcc/arm-none-eabi/14.2.0/../../../../arm-none-eabi/lib/thumb/v7e-m+fp/hard/libc_nano.a(libc_a-memcpy-stub.o)
                0x08003426                memcpy
 *fill*         0x08003442        0x2 
 .text._free_r  0x08003444       0x94 /usr/lib/gcc/arm-none-eabi/14.2.0/../../../../arm-none-eabi/lib/thumb/v7e-m+fp/hard/libc_nano.a(libc_a-freer.o)
                0x08003444                _free_r
 .text.malloc   0x080034d8       0x10 /usr/lib/gcc/arm-none-eabi/14.2.0/../../../../arm-none-eabi/lib/thumb/v7e-m+fp/hard/libc_nano.a(libc_a-malloc.o)
                0x080034d8                malloc
 .text.sbrk_aligned
                0x080034e8       0x44 /usr/lib/gcc/arm-none-eabi/14.2.0/../../../../arm-none-eabi/lib/thumb/v7e-m+fp/hard/libc_nano.a(libc_a-mallocr.o)
 .text._malloc_r
                0x0800352c      0x100 /usr/lib/gcc/arm-none-eabi/14.2.0/../../../../arm-none-eabi/lib/thumb/v7e-m+fp/hard/libc_nano.a(libc_a-mallocr.o)
                0x0800352c                _malloc_r
 .text.__malloc_lock
                0x0800362c        0xc /usr/lib/gcc/arm-none-eabi/14.2.0/../../../../arm-none-eabi/lib/thumb/v7e-m+fp/hard/libc_nano.a(libc_a-mlock.o)
                0x0800362c                __malloc_lock
 .text.__malloc_unlock
                0x08003638        0xc /usr/lib/gcc/arm-none-eabi/14.2.0/../../../../arm-none-eabi/lib/thumb/v7e-m+fp/hard/libc_nano.a(libc_a-mlock.o)
                0x08003638                __malloc_unlock
 .text.__sfputc_r
                0x08003644       0x2e /usr/lib/gcc/arm-none-eabi/14.2.0/../../../../arm-none-eabi/lib/thumb/v7e-m+fp/hard/libc_nano.a(libc_a-nano-vfprintf.o)
 .text.__sfputs_r
                0x08003672       0x24 /usr/lib/gcc/arm-none-eabi/14.2.0/../../../../arm-none-eabi/lib/thumb/v7e-m+fp/hard/libc_nano.a(libc_a-nano-vfprintf.o)
                0x08003672                __sfputs_r
 *fill*         0x08003696        0x2 
 .text._vfprintf_r
                0x08003698      0x230 /usr/lib/gcc/arm-none-eabi/14.2.0/../../../../arm-none-eabi/lib/thumb/v7e-m+fp/hard/libc_nano.a(libc_a-nano-vfprintf.o)
                0x08003698                _vfiprintf_r
                0x08003698                _vfprintf_r
 .text._printf_common
                0x080038c8       0xda /usr/lib/gcc/arm-none-eabi/14.2.0/../../../../arm-none-eabi/lib/thumb/v7e-m+fp/hard/libc_nano.a(libc_a-nano-vfprintf_i.o)
                0x080038c8                _printf_common
 *fill*         0x080039a2        0x2 
 .text._printf_i
                0x080039a4      0x240 /usr/lib/gcc/arm-none-eabi/14.2.0/../../../../arm-none-eabi/lib/thumb/v7e-m+fp/hard/libc_nano.a(libc_a-nano-vfprintf_i.o)
                0x080039a4                _printf_i
 .text.__sflush_r
                0x08003be4      0x104 /usr/lib/gcc/arm-none-eabi/14.2.0/../../../../arm-none-eabi/lib/thumb/v7e-m+fp/hard/libc_nano.a(libc_a-fflush.o)
                0x08003be4                __sflush_r
 .text._fflush_r
                0x08003ce8       0x50 /usr/lib/gcc/arm-none-eabi/14.2.0/../../../../arm-none-eabi/lib/thumb/v7e-m+fp/hard/libc_nano.a(libc_a-fflush.o)
                0x08003ce8                _fflush_r
 .text.__swhatbuf_r
                0x08003d38       0x48 /usr/lib/gcc/arm-none-eabi/14.2.0/../../../../arm-none-eabi/lib/thumb/v7e-m+fp/hard/libc_nano.a(libc_a-makebuf.o)
                0x08003d38                __swhatbuf_r
 .text.__smakebuf_r
                0x08003d80       0x72 /usr/lib/gcc/arm-none-eabi/14.2.0/../../../../arm-none-eabi/lib/thumb/v7e-m+fp/hard/libc_nano.a(libc_a-makebuf.o)
                0x08003d80                __smakebuf_r
 *fill*         0x08003df2        0x2 
 .text._fstat_r
                0x08003df4       0x24 /usr/lib/gcc/arm-none-eabi/14.2.0/../../../../arm-none-eabi/lib/thumb/v7e-m+fp/hard/libc_nano.a(libc_a-fstatr.o)
                0x08003df4                _fstat_r
 .text._isatty_r
                0x08003e18       0x20 /usr/lib/gcc/arm-none-eabi/14.2.0/../../../../arm-none-eabi/lib/thumb/v7e-m+fp/hard/libc_nano.a(libc_a-isattyr.o)
                0x08003e18                _isatty_r
 .text._sbrk_r  0x08003e38       0x20 /usr/lib/gcc/arm-none-eabi/14.2.0/../../../../arm-none-eabi/lib/thumb/v7e-m+fp/hard/libc_nano.a(libc_a-sbrkr.o)
                0x08003e38                _sbrk_r
 *(.glue_7)
 .glue_7        0x08003e58        0x0 linker stubs
 *(.glue_7t)
 .glue_7t       0x08003e58        0x0 linker stubs
 *(.eh_frame)
 .eh_frame      0x08003e58        0x0 /usr/lib/gcc/arm-none-eabi/14.2.0/thumb/v7e-m+fp/hard/crtbegin.o
 *(.init)
 .init          0x08003e58        0x4 /usr/lib/gcc/arm-none-eabi/14.2.0/thumb/v7e-m+fp/hard/crti.o
                0x08003e58                _init
 .init          0x08003e5c        0x8 /usr/lib/gcc/arm-none-eabi/14.2.0/thumb/v7e-m+fp/hard/crtn.o
 *(.fini)
 .fini          0x08003e64        0x4 /usr/lib/gcc/arm-none-eabi/14.2.0/thumb/v7e-m+fp/hard/crti.o
                0x08003e64                _fini
 .fini          0x08003e68        0x8 /usr/lib/gcc/arm-none-eabi/14.2.0/thumb/v7e-m+fp/hard/crtn.o
                0x08003e70                        . = ALIGN (0x4)
                0x08003e70                        _etext = .

.vfp11_veneer   0x08003e70        0x0
 .vfp11_veneer  0x08003e70        0x0 linker stubs

.v4_bx          0x08003e70        0x0
 .v4_bx         0x08003e70        0x0 linker stubs

.iplt           0x08003e70        0x0
 .iplt          0x08003e70        0x0 /usr/lib/gcc/arm-none-eabi/14.2.0/thumb/v7e-m+fp/hard/crtbegin.o

.rodata         0x08003e70      0x2bc
                0x08003e70                        . = ALIGN (0x4)
 *(.rodata)
 *(.rodata*)
 .rodata._Z14NRF24_TestTaskPv.str1.4
                0x08003e70      0x284 build/application/src/main.o
                                0x240 (size before relaxing)
 .rodata.main.str1.4
                0x080040f4        0xa build/application/src/main.o
 .rodata.NRF24_SendInitialACK_Payload.str1.4
                0x080040f4       0x26 build/application/src/nrf24l01.o
 .rodata.prvCreateIdleTasks.str1.4
                0x080040f4        0x5 build/middlewares/freertos/tasks.o
 .rodata.uxTopUsedPriority
                0x080040f4        0x4 build/middlewares/freertos/tasks.o
 .rodata.xTimerCreateTimerTask.str1.4
                0x080040f8        0x8 build/middlewares/freertos/timers.o
 .rodata._vfprintf_r.str1.1
                0x080040f8       0x33 /usr/lib/gcc/arm-none-eabi/14.2.0/../../../../arm-none-eabi/lib/thumb/v7e-m+fp/hard/libc_nano.a(libc_a-nano-vfprintf.o)
                                 0x11 (size before relaxing)
 .rodata._printf_i.str1.1
                0x0800412b       0x22 /usr/lib/gcc/arm-none-eabi/14.2.0/../../../../arm-none-eabi/lib/thumb/v7e-m+fp/hard/libc_nano.a(libc_a-nano-vfprintf_i.o)
                0x08004150                        . = ALIGN (0x4)
 *fill*         0x0800412b        0x1 

.ARM.extab
 *(.ARM.extab* .gnu.linkonce.armextab.*)

.ARM            0x0800412c        0x8
                0x0800412c                        __exidx_start = .
 *(.ARM.exidx*)
 .ARM.exidx     0x0800412c        0x8 /usr/lib/gcc/arm-none-eabi/14.2.0/../../../../arm-none-eabi/lib/thumb/v7e-m+fp/hard/libc_nano.a(libc_a-memchr.o)
                0x08004134                        __exidx_end = .

.rel.dyn        0x08004134        0x0
 .rel.iplt      0x08004134        0x0 /usr/lib/gcc/arm-none-eabi/14.2.0/thumb/v7e-m+fp/hard/crtbegin.o

.preinit_array  0x08004134        0x0
                0x08004134                        PROVIDE (__preinit_array_start = .)
 *(.preinit_array*)
                0x08004134                        PROVIDE (__preinit_array_end = .)

.init_array     0x08004134        0x4
                0x08004134                        PROVIDE (__init_array_start = .)
 *(SORT_BY_NAME(.init_array.*))
 *(.init_array*)
 .init_array    0x08004134        0x4 /usr/lib/gcc/arm-none-eabi/14.2.0/thumb/v7e-m+fp/hard/crtbegin.o
                0x08004138                        PROVIDE (__init_array_end = .)

.fini_array     0x08004138        0x4
                0x08004138                        PROVIDE (__fini_array_start = .)
 *(SORT_BY_NAME(.fini_array.*))
 *(.fini_array*)
 .fini_array    0x08004138        0x4 /usr/lib/gcc/arm-none-eabi/14.2.0/thumb/v7e-m+fp/hard/crtbegin.o
                0x0800413c                        PROVIDE (__fini_array_end = .)
                0x0800413c                        _sidata = LOADADDR (.data)

.data           0x20000000       0x70 load address 0x0800413c
                0x20000000                        . = ALIGN (0x4)
                0x20000000                        _sdata = .
 *(.data)
 *(.data*)
 .data.timeout_RC_PACKETS
                0x20000000        0x4 build/application/src/main.o
                0x20000000                timeout_RC_PACKETS
 .data.DroneAddr
                0x20000004        0x5 build/application/src/nrf24l01.o
                0x20000004                DroneAddr
 *fill*         0x20000009        0x3 
 .data.SystemCoreClock
                0x2000000c        0x4 build/drivers/stm32f4xx/system_stm32f4xx.o
                0x2000000c                SystemCoreClock
 .data.uxCriticalNesting
                0x20000010        0x4 build/middlewares/freertos/portable/GCC/ARM_CM4F/port.o
 .data.__sglue  0x20000014        0xc /usr/lib/gcc/arm-none-eabi/14.2.0/../../../../arm-none-eabi/lib/thumb/v7e-m+fp/hard/libc_nano.a(libc_a-findfp.o)
                0x20000014                __sglue
 .data._impure_ptr
                0x20000020        0x4 /usr/lib/gcc/arm-none-eabi/14.2.0/../../../../arm-none-eabi/lib/thumb/v7e-m+fp/hard/libc_nano.a(libc_a-impure.o)
                0x20000020                _impure_ptr
 .data._impure_data
                0x20000024       0x4c /usr/lib/gcc/arm-none-eabi/14.2.0/../../../../arm-none-eabi/lib/thumb/v7e-m+fp/hard/libc_nano.a(libc_a-impure.o)
                0x20000024                _impure_data
                0x20000070                        . = ALIGN (0x4)
                0x20000070                        _edata = .

.igot.plt       0x20000070        0x0 load address 0x080041ac
 .igot.plt      0x20000070        0x0 /usr/lib/gcc/arm-none-eabi/14.2.0/thumb/v7e-m+fp/hard/crtbegin.o
                0x20000070                        . = ALIGN (0x4)

.bss            0x20000070     0x19b4 load address 0x080041ac
                0x20000070                        _sbss = .
                0x20000070                        __bss_start__ = _sbss
 *(.bss)
 *(.bss*)
 .bss.completed.1
                0x20000070        0x1 /usr/lib/gcc/arm-none-eabi/14.2.0/thumb/v7e-m+fp/hard/crtbegin.o
 *fill*         0x20000071        0x3 
 .bss.object.0  0x20000074       0x18 /usr/lib/gcc/arm-none-eabi/14.2.0/thumb/v7e-m+fp/hard/crtbegin.o
 .bss.temp      0x2000008c        0x4 build/application/src/main.o
                0x2000008c                temp
 .bss._ZL14nrf24_detected
                0x20000090        0x1 build/application/src/main.o
 .bss._ZL15spi_test_passed
                0x20000091        0x1 build/application/src/main.o
 *fill*         0x20000092        0x2 
 .bss.last_packet_time
                0x20000094        0x4 build/application/src/nrf24l01.o
                0x20000094                last_packet_time
 .bss.isDataReady
                0x20000098        0x1 build/application/src/nrf24l01.o
                0x20000098                isDataReady
 *fill*         0x20000099        0x3 
 .bss.ack_packet
                0x2000009c        0x8 build/application/src/nrf24l01.o
                0x2000009c                ack_packet
 .bss.rc_packet
                0x200000a4       0x10 build/application/src/nrf24l01.o
                0x200000a4                rc_packet
 .bss.__sbrk_heap_end
                0x200000b4        0x4 build/core/src/sysmem.o
 .bss.uxTimerTaskStack.0
                0x200000b8      0x200 build/middlewares/freertos/tasks.o
 .bss.xTimerTaskTCB.1
                0x200002b8       0x58 build/middlewares/freertos/tasks.o
 .bss.uxIdleTaskStack.2
                0x20000310      0x200 build/middlewares/freertos/tasks.o
 .bss.xIdleTaskTCB.3
                0x20000510       0x58 build/middlewares/freertos/tasks.o
 .bss.uxSchedulerSuspended
                0x20000568        0x4 build/middlewares/freertos/tasks.o
 .bss.xIdleTaskHandles
                0x2000056c        0x4 build/middlewares/freertos/tasks.o
 .bss.xNextTaskUnblockTime
                0x20000570        0x8 build/middlewares/freertos/tasks.o
 .bss.uxTaskNumber
                0x20000578        0x4 build/middlewares/freertos/tasks.o
 .bss.xNumOfOverflows
                0x2000057c        0x4 build/middlewares/freertos/tasks.o
 .bss.xYieldPendings
                0x20000580        0x4 build/middlewares/freertos/tasks.o
 *fill*         0x20000584        0x4 
 .bss.xPendedTicks
                0x20000588        0x8 build/middlewares/freertos/tasks.o
 .bss.xSchedulerRunning
                0x20000590        0x4 build/middlewares/freertos/tasks.o
 .bss.uxTopReadyPriority
                0x20000594        0x4 build/middlewares/freertos/tasks.o
 .bss.xTickCount
                0x20000598        0x8 build/middlewares/freertos/tasks.o
 .bss.uxCurrentNumberOfTasks
                0x200005a0        0x4 build/middlewares/freertos/tasks.o
 *fill*         0x200005a4        0x4 
 .bss.xSuspendedTaskList
                0x200005a8       0x20 build/middlewares/freertos/tasks.o
 .bss.uxDeletedTasksWaitingCleanUp
                0x200005c8        0x4 build/middlewares/freertos/tasks.o
 *fill*         0x200005cc        0x4 
 .bss.xTasksWaitingTermination
                0x200005d0       0x20 build/middlewares/freertos/tasks.o
 .bss.xPendingReadyList
                0x200005f0       0x20 build/middlewares/freertos/tasks.o
 .bss.pxOverflowDelayedTaskList
                0x20000610        0x4 build/middlewares/freertos/tasks.o
 .bss.pxDelayedTaskList
                0x20000614        0x4 build/middlewares/freertos/tasks.o
 .bss.xDelayedTaskList2
                0x20000618       0x20 build/middlewares/freertos/tasks.o
 .bss.xDelayedTaskList1
                0x20000638       0x20 build/middlewares/freertos/tasks.o
 .bss.pxReadyTasksLists
                0x20000658       0xa0 build/middlewares/freertos/tasks.o
 .bss.pxCurrentTCB
                0x200006f8        0x4 build/middlewares/freertos/tasks.o
                0x200006f8                pxCurrentTCB
 *fill*         0x200006fc        0x4 
 .bss.xStaticTimerQueue.0
                0x20000700       0x68 build/middlewares/freertos/timers.o
 .bss.ucStaticTimerQueueStorage.1
                0x20000768       0xf0 build/middlewares/freertos/timers.o
 .bss.xLastTime.2
                0x20000858        0x8 build/middlewares/freertos/timers.o
 .bss.xTimerTaskHandle
                0x20000860        0x4 build/middlewares/freertos/timers.o
 .bss.xTimerQueue
                0x20000864        0x4 build/middlewares/freertos/timers.o
 .bss.pxOverflowTimerList
                0x20000868        0x4 build/middlewares/freertos/timers.o
 .bss.pxCurrentTimerList
                0x2000086c        0x4 build/middlewares/freertos/timers.o
 .bss.xActiveTimerList2
                0x20000870       0x20 build/middlewares/freertos/timers.o
 .bss.xActiveTimerList1
                0x20000890       0x20 build/middlewares/freertos/timers.o
 .bss.ulStoppedTimerCompensation
                0x200008b0        0x4 build/middlewares/freertos/portable/GCC/ARM_CM4F/port.o
 .bss.xMaximumPossibleSuppressedTicks
                0x200008b4        0x4 build/middlewares/freertos/portable/GCC/ARM_CM4F/port.o
 .bss.ulTimerCountsForOneTick
                0x200008b8        0x4 build/middlewares/freertos/portable/GCC/ARM_CM4F/port.o
 .bss.xNumberOfSuccessfulFrees
                0x200008bc        0x4 build/middlewares/freertos/portable/MemMang/heap_4.o
 .bss.xNumberOfSuccessfulAllocations
                0x200008c0        0x4 build/middlewares/freertos/portable/MemMang/heap_4.o
 .bss.xMinimumEverFreeBytesRemaining
                0x200008c4        0x4 build/middlewares/freertos/portable/MemMang/heap_4.o
 .bss.xFreeBytesRemaining
                0x200008c8        0x4 build/middlewares/freertos/portable/MemMang/heap_4.o
 .bss.pxEnd     0x200008cc        0x4 build/middlewares/freertos/portable/MemMang/heap_4.o
 .bss.xStart    0x200008d0        0x8 build/middlewares/freertos/portable/MemMang/heap_4.o
 .bss.ucHeap    0x200008d8     0x1000 build/middlewares/freertos/portable/MemMang/heap_4.o
 .bss.__sf      0x200018d8      0x138 /usr/lib/gcc/arm-none-eabi/14.2.0/../../../../arm-none-eabi/lib/thumb/v7e-m+fp/hard/libc_nano.a(libc_a-findfp.o)
                0x200018d8                __sf
 .bss.__stdio_exit_handler
                0x20001a10        0x4 /usr/lib/gcc/arm-none-eabi/14.2.0/../../../../arm-none-eabi/lib/thumb/v7e-m+fp/hard/libc_nano.a(libc_a-findfp.o)
                0x20001a10                __stdio_exit_handler
 .bss.errno     0x20001a14        0x4 /usr/lib/gcc/arm-none-eabi/14.2.0/../../../../arm-none-eabi/lib/thumb/v7e-m+fp/hard/libc_nano.a(libc_a-reent.o)
                0x20001a14                errno
 .bss.__lock___malloc_recursive_mutex
                0x20001a18        0x1 /usr/lib/gcc/arm-none-eabi/14.2.0/../../../../arm-none-eabi/lib/thumb/v7e-m+fp/hard/libc_nano.a(libc_a-lock.o)
                0x20001a18                __lock___malloc_recursive_mutex
 .bss.__lock___sfp_recursive_mutex
                0x20001a19        0x1 /usr/lib/gcc/arm-none-eabi/14.2.0/../../../../arm-none-eabi/lib/thumb/v7e-m+fp/hard/libc_nano.a(libc_a-lock.o)
                0x20001a19                __lock___sfp_recursive_mutex
 *fill*         0x20001a1a        0x2 
 .bss.__malloc_sbrk_start
                0x20001a1c        0x4 /usr/lib/gcc/arm-none-eabi/14.2.0/../../../../arm-none-eabi/lib/thumb/v7e-m+fp/hard/libc_nano.a(libc_a-mallocr.o)
                0x20001a1c                __malloc_sbrk_start
 .bss.__malloc_free_list
                0x20001a20        0x4 /usr/lib/gcc/arm-none-eabi/14.2.0/../../../../arm-none-eabi/lib/thumb/v7e-m+fp/hard/libc_nano.a(libc_a-mallocr.o)
                0x20001a20                __malloc_free_list
 *(COMMON)
                0x20001a24                        . = ALIGN (0x4)
                0x20001a24                        _ebss = .
                0x20001a24                        __bss_end__ = _ebss

._user_heap_stack
                0x20001a24      0x604 load address 0x080041ac
                0x20001a28                        . = ALIGN (0x8)
 *fill*         0x20001a24        0x4 
                [!provide]                        PROVIDE (end = .)
                0x20001a28                        PROVIDE (_end = .)
                0x20001c28                        . = (. + _Min_Heap_Size)
 *fill*         0x20001a28      0x200 
                0x20002028                        . = (. + _Min_Stack_Size)
 *fill*         0x20001c28      0x400 
                0x20002028                        . = ALIGN (0x8)

/DISCARD/
 libc.a(*)
 libm.a(*)
 libgcc.a(*)

.ARM.attributes
                0x00000000       0x30
 *(.ARM.attributes)
 .ARM.attributes
                0x00000000       0x22 /usr/lib/gcc/arm-none-eabi/14.2.0/thumb/v7e-m+fp/hard/crti.o
 .ARM.attributes
                0x00000022       0x34 /usr/lib/gcc/arm-none-eabi/14.2.0/thumb/v7e-m+fp/hard/crtbegin.o
 .ARM.attributes
                0x00000056       0x34 build/application/src/main.o
 .ARM.attributes
                0x0000008a       0x34 build/application/src/nrf24l01.o
 .ARM.attributes
                0x000000be       0x34 build/application/src/usart.o
 .ARM.attributes
                0x000000f2       0x34 build/application/src/system_clock_config.o
 .ARM.attributes
                0x00000126       0x34 build/core/src/segger_fault_handler.o
 .ARM.attributes
                0x0000015a       0x34 build/core/src/syscalls.o
 .ARM.attributes
                0x0000018e       0x34 build/core/src/sysmem.o
 .ARM.attributes
                0x000001c2       0x34 build/drivers/stm32f4xx/system_stm32f4xx.o
 .ARM.attributes
                0x000001f6       0x34 build/middlewares/freertos/list.o
 .ARM.attributes
                0x0000022a       0x34 build/middlewares/freertos/queue.o
 .ARM.attributes
                0x0000025e       0x34 build/middlewares/freertos/tasks.o
 .ARM.attributes
                0x00000292       0x34 build/middlewares/freertos/timers.o
 .ARM.attributes
                0x000002c6       0x34 build/middlewares/freertos/portable/GCC/ARM_CM4F/port.o
 .ARM.attributes
                0x000002fa       0x34 build/middlewares/freertos/portable/MemMang/heap_4.o
 .ARM.attributes
                0x0000032e       0x21 build/startup/startup_stm32f411xe.o
 .ARM.attributes
                0x0000034f       0x22 /usr/lib/gcc/arm-none-eabi/14.2.0/thumb/v7e-m+fp/hard/libgcc.a(_arm_addsubdf3.o)
 .ARM.attributes
                0x00000371       0x22 /usr/lib/gcc/arm-none-eabi/14.2.0/thumb/v7e-m+fp/hard/libgcc.a(_arm_muldivdf3.o)
 .ARM.attributes
                0x00000393       0x22 /usr/lib/gcc/arm-none-eabi/14.2.0/thumb/v7e-m+fp/hard/libgcc.a(_arm_fixdfsi.o)
 .ARM.attributes
                0x000003b5       0x34 /usr/lib/gcc/arm-none-eabi/14.2.0/../../../../arm-none-eabi/lib/thumb/v7e-m+fp/hard/libc_nano.a(libc_a-findfp.o)
 .ARM.attributes
                0x000003e9       0x34 /usr/lib/gcc/arm-none-eabi/14.2.0/../../../../arm-none-eabi/lib/thumb/v7e-m+fp/hard/libc_nano.a(libc_a-fwalk.o)
 .ARM.attributes
                0x0000041d       0x34 /usr/lib/gcc/arm-none-eabi/14.2.0/../../../../arm-none-eabi/lib/thumb/v7e-m+fp/hard/libc_nano.a(libc_a-printf.o)
 .ARM.attributes
                0x00000451       0x34 /usr/lib/gcc/arm-none-eabi/14.2.0/../../../../arm-none-eabi/lib/thumb/v7e-m+fp/hard/libc_nano.a(libc_a-puts.o)
 .ARM.attributes
                0x00000485       0x34 /usr/lib/gcc/arm-none-eabi/14.2.0/../../../../arm-none-eabi/lib/thumb/v7e-m+fp/hard/libc_nano.a(libc_a-setvbuf.o)
 .ARM.attributes
                0x000004b9       0x34 /usr/lib/gcc/arm-none-eabi/14.2.0/../../../../arm-none-eabi/lib/thumb/v7e-m+fp/hard/libc_nano.a(libc_a-stdio.o)
 .ARM.attributes
                0x000004ed       0x34 /usr/lib/gcc/arm-none-eabi/14.2.0/../../../../arm-none-eabi/lib/thumb/v7e-m+fp/hard/libc_nano.a(libc_a-wbuf.o)
 .ARM.attributes
                0x00000521       0x34 /usr/lib/gcc/arm-none-eabi/14.2.0/../../../../arm-none-eabi/lib/thumb/v7e-m+fp/hard/libc_nano.a(libc_a-wsetup.o)
 .ARM.attributes
                0x00000555       0x34 /usr/lib/gcc/arm-none-eabi/14.2.0/../../../../arm-none-eabi/lib/thumb/v7e-m+fp/hard/libc_nano.a(libc_a-memset.o)
 .ARM.attributes
                0x00000589       0x34 /usr/lib/gcc/arm-none-eabi/14.2.0/../../../../arm-none-eabi/lib/thumb/v7e-m+fp/hard/libc_nano.a(libc_a-closer.o)
 .ARM.attributes
                0x000005bd       0x34 /usr/lib/gcc/arm-none-eabi/14.2.0/../../../../arm-none-eabi/lib/thumb/v7e-m+fp/hard/libc_nano.a(libc_a-reent.o)
 .ARM.attributes
                0x000005f1       0x34 /usr/lib/gcc/arm-none-eabi/14.2.0/../../../../arm-none-eabi/lib/thumb/v7e-m+fp/hard/libc_nano.a(libc_a-impure.o)
 .ARM.attributes
                0x00000625       0x34 /usr/lib/gcc/arm-none-eabi/14.2.0/../../../../arm-none-eabi/lib/thumb/v7e-m+fp/hard/libc_nano.a(libc_a-lseekr.o)
 .ARM.attributes
                0x00000659       0x34 /usr/lib/gcc/arm-none-eabi/14.2.0/../../../../arm-none-eabi/lib/thumb/v7e-m+fp/hard/libc_nano.a(libc_a-readr.o)
 .ARM.attributes
                0x0000068d       0x34 /usr/lib/gcc/arm-none-eabi/14.2.0/../../../../arm-none-eabi/lib/thumb/v7e-m+fp/hard/libc_nano.a(libc_a-writer.o)
 .ARM.attributes
                0x000006c1       0x34 /usr/lib/gcc/arm-none-eabi/14.2.0/../../../../arm-none-eabi/lib/thumb/v7e-m+fp/hard/libc_nano.a(libc_a-errno.o)
 .ARM.attributes
                0x000006f5       0x34 /usr/lib/gcc/arm-none-eabi/14.2.0/../../../../arm-none-eabi/lib/thumb/v7e-m+fp/hard/libc_nano.a(libc_a-init.o)
 .ARM.attributes
                0x00000729       0x34 /usr/lib/gcc/arm-none-eabi/14.2.0/../../../../arm-none-eabi/lib/thumb/v7e-m+fp/hard/libc_nano.a(libc_a-lock.o)
 .ARM.attributes
                0x0000075d       0x34 /usr/lib/gcc/arm-none-eabi/14.2.0/../../../../arm-none-eabi/lib/thumb/v7e-m+fp/hard/libc_nano.a(libc_a-memcpy-stub.o)
 .ARM.attributes
                0x00000791       0x34 /usr/lib/gcc/arm-none-eabi/14.2.0/../../../../arm-none-eabi/lib/thumb/v7e-m+fp/hard/libc_nano.a(libc_a-freer.o)
 .ARM.attributes
                0x000007c5       0x34 /usr/lib/gcc/arm-none-eabi/14.2.0/../../../../arm-none-eabi/lib/thumb/v7e-m+fp/hard/libc_nano.a(libc_a-malloc.o)
 .ARM.attributes
                0x000007f9       0x34 /usr/lib/gcc/arm-none-eabi/14.2.0/../../../../arm-none-eabi/lib/thumb/v7e-m+fp/hard/libc_nano.a(libc_a-mallocr.o)
 .ARM.attributes
                0x0000082d       0x34 /usr/lib/gcc/arm-none-eabi/14.2.0/../../../../arm-none-eabi/lib/thumb/v7e-m+fp/hard/libc_nano.a(libc_a-mlock.o)
 .ARM.attributes
                0x00000861       0x34 /usr/lib/gcc/arm-none-eabi/14.2.0/../../../../arm-none-eabi/lib/thumb/v7e-m+fp/hard/libc_nano.a(libc_a-nano-vfprintf.o)
 .ARM.attributes
                0x00000895       0x34 /usr/lib/gcc/arm-none-eabi/14.2.0/../../../../arm-none-eabi/lib/thumb/v7e-m+fp/hard/libc_nano.a(libc_a-nano-vfprintf_i.o)
 .ARM.attributes
                0x000008c9       0x34 /usr/lib/gcc/arm-none-eabi/14.2.0/../../../../arm-none-eabi/lib/thumb/v7e-m+fp/hard/libc_nano.a(libc_a-fflush.o)
 .ARM.attributes
                0x000008fd       0x34 /usr/lib/gcc/arm-none-eabi/14.2.0/../../../../arm-none-eabi/lib/thumb/v7e-m+fp/hard/libc_nano.a(libc_a-makebuf.o)
 .ARM.attributes
                0x00000931       0x34 /usr/lib/gcc/arm-none-eabi/14.2.0/../../../../arm-none-eabi/lib/thumb/v7e-m+fp/hard/libc_nano.a(libc_a-fstatr.o)
 .ARM.attributes
                0x00000965       0x34 /usr/lib/gcc/arm-none-eabi/14.2.0/../../../../arm-none-eabi/lib/thumb/v7e-m+fp/hard/libc_nano.a(libc_a-isattyr.o)
 .ARM.attributes
                0x00000999       0x34 /usr/lib/gcc/arm-none-eabi/14.2.0/../../../../arm-none-eabi/lib/thumb/v7e-m+fp/hard/libc_nano.a(libc_a-sbrkr.o)
 .ARM.attributes
                0x000009cd       0x1c /usr/lib/gcc/arm-none-eabi/14.2.0/../../../../arm-none-eabi/lib/thumb/v7e-m+fp/hard/libc_nano.a(libc_a-memchr.o)
 .ARM.attributes
                0x000009e9       0x22 /usr/lib/gcc/arm-none-eabi/14.2.0/thumb/v7e-m+fp/hard/crtn.o
OUTPUT(build/firmware.elf elf32-littlearm)
LOAD linker stubs
LOAD /usr/lib/gcc/arm-none-eabi/14.2.0/../../../../arm-none-eabi/lib/thumb/v7e-m+fp/hard/libc.a
LOAD /usr/lib/gcc/arm-none-eabi/14.2.0/../../../../arm-none-eabi/lib/thumb/v7e-m+fp/hard/libm.a
LOAD /usr/lib/gcc/arm-none-eabi/14.2.0/thumb/v7e-m+fp/hard/libgcc.a

.debug_info     0x00000000    0x1b167
 .debug_info    0x00000000      0xeca build/application/src/main.o
 .debug_info    0x00000eca      0xcf7 build/application/src/nrf24l01.o
 .debug_info    0x00001bc1      0xcb0 build/application/src/usart.o
 .debug_info    0x00002871      0x2ef build/application/src/system_clock_config.o
 .debug_info    0x00002b60       0x71 build/core/src/segger_fault_handler.o
 .debug_info    0x00002bd1      0x78d build/core/src/syscalls.o
 .debug_info    0x0000335e      0x175 build/core/src/sysmem.o
 .debug_info    0x000034d3      0x550 build/drivers/stm32f4xx/system_stm32f4xx.o
 .debug_info    0x00003a23      0x28d build/middlewares/freertos/list.o
 .debug_info    0x00003cb0     0x23ef build/middlewares/freertos/queue.o
 .debug_info    0x0000609f     0x375c build/middlewares/freertos/tasks.o
 .debug_info    0x000097fb     0x187d build/middlewares/freertos/timers.o
 .debug_info    0x0000b078      0x4e6 build/middlewares/freertos/portable/GCC/ARM_CM4F/port.o
 .debug_info    0x0000b55e      0x5d8 build/middlewares/freertos/portable/MemMang/heap_4.o
 .debug_info    0x0000bb36       0x30 build/startup/startup_stm32f411xe.o
 .debug_info    0x0000bb66       0xd3 /usr/lib/gcc/arm-none-eabi/14.2.0/thumb/v7e-m+fp/hard/libgcc.a(_arm_addsubdf3.o)
 .debug_info    0x0000bc39       0x57 /usr/lib/gcc/arm-none-eabi/14.2.0/thumb/v7e-m+fp/hard/libgcc.a(_arm_muldivdf3.o)
 .debug_info    0x0000bc90       0x3c /usr/lib/gcc/arm-none-eabi/14.2.0/thumb/v7e-m+fp/hard/libgcc.a(_arm_fixdfsi.o)
 .debug_info    0x0000bccc      0xfb8 /usr/lib/gcc/arm-none-eabi/14.2.0/../../../../arm-none-eabi/lib/thumb/v7e-m+fp/hard/libc_nano.a(libc_a-findfp.o)
 .debug_info    0x0000cc84      0x7d2 /usr/lib/gcc/arm-none-eabi/14.2.0/../../../../arm-none-eabi/lib/thumb/v7e-m+fp/hard/libc_nano.a(libc_a-fwalk.o)
 .debug_info    0x0000d456      0x841 /usr/lib/gcc/arm-none-eabi/14.2.0/../../../../arm-none-eabi/lib/thumb/v7e-m+fp/hard/libc_nano.a(libc_a-printf.o)
 .debug_info    0x0000dc97      0x950 /usr/lib/gcc/arm-none-eabi/14.2.0/../../../../arm-none-eabi/lib/thumb/v7e-m+fp/hard/libc_nano.a(libc_a-puts.o)
 .debug_info    0x0000e5e7      0x949 /usr/lib/gcc/arm-none-eabi/14.2.0/../../../../arm-none-eabi/lib/thumb/v7e-m+fp/hard/libc_nano.a(libc_a-setvbuf.o)
 .debug_info    0x0000ef30      0xa90 /usr/lib/gcc/arm-none-eabi/14.2.0/../../../../arm-none-eabi/lib/thumb/v7e-m+fp/hard/libc_nano.a(libc_a-stdio.o)
 .debug_info    0x0000f9c0      0x874 /usr/lib/gcc/arm-none-eabi/14.2.0/../../../../arm-none-eabi/lib/thumb/v7e-m+fp/hard/libc_nano.a(libc_a-wbuf.o)
 .debug_info    0x00010234      0x7bb /usr/lib/gcc/arm-none-eabi/14.2.0/../../../../arm-none-eabi/lib/thumb/v7e-m+fp/hard/libc_nano.a(libc_a-wsetup.o)
 .debug_info    0x000109ef       0xe0 /usr/lib/gcc/arm-none-eabi/14.2.0/../../../../arm-none-eabi/lib/thumb/v7e-m+fp/hard/libc_nano.a(libc_a-memset.o)
 .debug_info    0x00010acf      0x75d /usr/lib/gcc/arm-none-eabi/14.2.0/../../../../arm-none-eabi/lib/thumb/v7e-m+fp/hard/libc_nano.a(libc_a-closer.o)
 .debug_info    0x0001122c      0x8a1 /usr/lib/gcc/arm-none-eabi/14.2.0/../../../../arm-none-eabi/lib/thumb/v7e-m+fp/hard/libc_nano.a(libc_a-reent.o)
 .debug_info    0x00011acd      0x715 /usr/lib/gcc/arm-none-eabi/14.2.0/../../../../arm-none-eabi/lib/thumb/v7e-m+fp/hard/libc_nano.a(libc_a-impure.o)
 .debug_info    0x000121e2      0x7a8 /usr/lib/gcc/arm-none-eabi/14.2.0/../../../../arm-none-eabi/lib/thumb/v7e-m+fp/hard/libc_nano.a(libc_a-lseekr.o)
 .debug_info    0x0001298a      0x7bf /usr/lib/gcc/arm-none-eabi/14.2.0/../../../../arm-none-eabi/lib/thumb/v7e-m+fp/hard/libc_nano.a(libc_a-readr.o)
 .debug_info    0x00013149      0x7c5 /usr/lib/gcc/arm-none-eabi/14.2.0/../../../../arm-none-eabi/lib/thumb/v7e-m+fp/hard/libc_nano.a(libc_a-writer.o)
 .debug_info    0x0001390e      0x6fb /usr/lib/gcc/arm-none-eabi/14.2.0/../../../../arm-none-eabi/lib/thumb/v7e-m+fp/hard/libc_nano.a(libc_a-errno.o)
 .debug_info    0x00014009      0x10b /usr/lib/gcc/arm-none-eabi/14.2.0/../../../../arm-none-eabi/lib/thumb/v7e-m+fp/hard/libc_nano.a(libc_a-init.o)
 .debug_info    0x00014114      0x218 /usr/lib/gcc/arm-none-eabi/14.2.0/../../../../arm-none-eabi/lib/thumb/v7e-m+fp/hard/libc_nano.a(libc_a-lock.o)
 .debug_info    0x0001432c      0x121 /usr/lib/gcc/arm-none-eabi/14.2.0/../../../../arm-none-eabi/lib/thumb/v7e-m+fp/hard/libc_nano.a(libc_a-memcpy-stub.o)
 .debug_info    0x0001444d      0x851 /usr/lib/gcc/arm-none-eabi/14.2.0/../../../../arm-none-eabi/lib/thumb/v7e-m+fp/hard/libc_nano.a(libc_a-freer.o)
 .debug_info    0x00014c9e      0x7a0 /usr/lib/gcc/arm-none-eabi/14.2.0/../../../../arm-none-eabi/lib/thumb/v7e-m+fp/hard/libc_nano.a(libc_a-malloc.o)
 .debug_info    0x0001543e      0x9bc /usr/lib/gcc/arm-none-eabi/14.2.0/../../../../arm-none-eabi/lib/thumb/v7e-m+fp/hard/libc_nano.a(libc_a-mallocr.o)
 .debug_info    0x00015dfa      0x76b /usr/lib/gcc/arm-none-eabi/14.2.0/../../../../arm-none-eabi/lib/thumb/v7e-m+fp/hard/libc_nano.a(libc_a-mlock.o)
 .debug_info    0x00016565     0x1094 /usr/lib/gcc/arm-none-eabi/14.2.0/../../../../arm-none-eabi/lib/thumb/v7e-m+fp/hard/libc_nano.a(libc_a-nano-vfprintf.o)
 .debug_info    0x000175f9      0xde2 /usr/lib/gcc/arm-none-eabi/14.2.0/../../../../arm-none-eabi/lib/thumb/v7e-m+fp/hard/libc_nano.a(libc_a-nano-vfprintf_i.o)
 .debug_info    0x000183db      0x9f2 /usr/lib/gcc/arm-none-eabi/14.2.0/../../../../arm-none-eabi/lib/thumb/v7e-m+fp/hard/libc_nano.a(libc_a-fflush.o)
 .debug_info    0x00018dcd      0xb15 /usr/lib/gcc/arm-none-eabi/14.2.0/../../../../arm-none-eabi/lib/thumb/v7e-m+fp/hard/libc_nano.a(libc_a-makebuf.o)
 .debug_info    0x000198e2      0x981 /usr/lib/gcc/arm-none-eabi/14.2.0/../../../../arm-none-eabi/lib/thumb/v7e-m+fp/hard/libc_nano.a(libc_a-fstatr.o)
 .debug_info    0x0001a263      0x75d /usr/lib/gcc/arm-none-eabi/14.2.0/../../../../arm-none-eabi/lib/thumb/v7e-m+fp/hard/libc_nano.a(libc_a-isattyr.o)
 .debug_info    0x0001a9c0      0x782 /usr/lib/gcc/arm-none-eabi/14.2.0/../../../../arm-none-eabi/lib/thumb/v7e-m+fp/hard/libc_nano.a(libc_a-sbrkr.o)
 .debug_info    0x0001b142       0x25 /usr/lib/gcc/arm-none-eabi/14.2.0/../../../../arm-none-eabi/lib/thumb/v7e-m+fp/hard/libc_nano.a(libc_a-memchr.o)

.debug_abbrev   0x00000000     0x5892
 .debug_abbrev  0x00000000      0x331 build/application/src/main.o
 .debug_abbrev  0x00000331      0x256 build/application/src/nrf24l01.o
 .debug_abbrev  0x00000587      0x277 build/application/src/usart.o
 .debug_abbrev  0x000007fe       0xea build/application/src/system_clock_config.o
 .debug_abbrev  0x000008e8       0x6f build/core/src/segger_fault_handler.o
 .debug_abbrev  0x00000957      0x1c3 build/core/src/syscalls.o
 .debug_abbrev  0x00000b1a       0xec build/core/src/sysmem.o
 .debug_abbrev  0x00000c06      0x120 build/drivers/stm32f4xx/system_stm32f4xx.o
 .debug_abbrev  0x00000d26      0x105 build/middlewares/freertos/list.o
 .debug_abbrev  0x00000e2b      0x390 build/middlewares/freertos/queue.o
 .debug_abbrev  0x000011bb      0x3da build/middlewares/freertos/tasks.o
 .debug_abbrev  0x00001595      0x358 build/middlewares/freertos/timers.o
 .debug_abbrev  0x000018ed      0x294 build/middlewares/freertos/portable/GCC/ARM_CM4F/port.o
 .debug_abbrev  0x00001b81      0x263 build/middlewares/freertos/portable/MemMang/heap_4.o
 .debug_abbrev  0x00001de4       0x24 build/startup/startup_stm32f411xe.o
 .debug_abbrev  0x00001e08       0x28 /usr/lib/gcc/arm-none-eabi/14.2.0/thumb/v7e-m+fp/hard/libgcc.a(_arm_addsubdf3.o)
 .debug_abbrev  0x00001e30       0x28 /usr/lib/gcc/arm-none-eabi/14.2.0/thumb/v7e-m+fp/hard/libgcc.a(_arm_muldivdf3.o)
 .debug_abbrev  0x00001e58       0x28 /usr/lib/gcc/arm-none-eabi/14.2.0/thumb/v7e-m+fp/hard/libgcc.a(_arm_fixdfsi.o)
 .debug_abbrev  0x00001e80      0x424 /usr/lib/gcc/arm-none-eabi/14.2.0/../../../../arm-none-eabi/lib/thumb/v7e-m+fp/hard/libc_nano.a(libc_a-findfp.o)
 .debug_abbrev  0x000022a4      0x19b /usr/lib/gcc/arm-none-eabi/14.2.0/../../../../arm-none-eabi/lib/thumb/v7e-m+fp/hard/libc_nano.a(libc_a-fwalk.o)
 .debug_abbrev  0x0000243f      0x21a /usr/lib/gcc/arm-none-eabi/14.2.0/../../../../arm-none-eabi/lib/thumb/v7e-m+fp/hard/libc_nano.a(libc_a-printf.o)
 .debug_abbrev  0x00002659      0x2a7 /usr/lib/gcc/arm-none-eabi/14.2.0/../../../../arm-none-eabi/lib/thumb/v7e-m+fp/hard/libc_nano.a(libc_a-puts.o)
 .debug_abbrev  0x00002900      0x259 /usr/lib/gcc/arm-none-eabi/14.2.0/../../../../arm-none-eabi/lib/thumb/v7e-m+fp/hard/libc_nano.a(libc_a-setvbuf.o)
 .debug_abbrev  0x00002b59      0x221 /usr/lib/gcc/arm-none-eabi/14.2.0/../../../../arm-none-eabi/lib/thumb/v7e-m+fp/hard/libc_nano.a(libc_a-stdio.o)
 .debug_abbrev  0x00002d7a      0x22d /usr/lib/gcc/arm-none-eabi/14.2.0/../../../../arm-none-eabi/lib/thumb/v7e-m+fp/hard/libc_nano.a(libc_a-wbuf.o)
 .debug_abbrev  0x00002fa7      0x1e2 /usr/lib/gcc/arm-none-eabi/14.2.0/../../../../arm-none-eabi/lib/thumb/v7e-m+fp/hard/libc_nano.a(libc_a-wsetup.o)
 .debug_abbrev  0x00003189       0x9e /usr/lib/gcc/arm-none-eabi/14.2.0/../../../../arm-none-eabi/lib/thumb/v7e-m+fp/hard/libc_nano.a(libc_a-memset.o)
 .debug_abbrev  0x00003227      0x1b0 /usr/lib/gcc/arm-none-eabi/14.2.0/../../../../arm-none-eabi/lib/thumb/v7e-m+fp/hard/libc_nano.a(libc_a-closer.o)
 .debug_abbrev  0x000033d7      0x1f7 /usr/lib/gcc/arm-none-eabi/14.2.0/../../../../arm-none-eabi/lib/thumb/v7e-m+fp/hard/libc_nano.a(libc_a-reent.o)
 .debug_abbrev  0x000035ce      0x149 /usr/lib/gcc/arm-none-eabi/14.2.0/../../../../arm-none-eabi/lib/thumb/v7e-m+fp/hard/libc_nano.a(libc_a-impure.o)
 .debug_abbrev  0x00003717      0x1c4 /usr/lib/gcc/arm-none-eabi/14.2.0/../../../../arm-none-eabi/lib/thumb/v7e-m+fp/hard/libc_nano.a(libc_a-lseekr.o)
 .debug_abbrev  0x000038db      0x1b0 /usr/lib/gcc/arm-none-eabi/14.2.0/../../../../arm-none-eabi/lib/thumb/v7e-m+fp/hard/libc_nano.a(libc_a-readr.o)
 .debug_abbrev  0x00003a8b      0x1b5 /usr/lib/gcc/arm-none-eabi/14.2.0/../../../../arm-none-eabi/lib/thumb/v7e-m+fp/hard/libc_nano.a(libc_a-writer.o)
 .debug_abbrev  0x00003c40      0x15e /usr/lib/gcc/arm-none-eabi/14.2.0/../../../../arm-none-eabi/lib/thumb/v7e-m+fp/hard/libc_nano.a(libc_a-errno.o)
 .debug_abbrev  0x00003d9e       0xc9 /usr/lib/gcc/arm-none-eabi/14.2.0/../../../../arm-none-eabi/lib/thumb/v7e-m+fp/hard/libc_nano.a(libc_a-init.o)
 .debug_abbrev  0x00003e67      0x115 /usr/lib/gcc/arm-none-eabi/14.2.0/../../../../arm-none-eabi/lib/thumb/v7e-m+fp/hard/libc_nano.a(libc_a-lock.o)
 .debug_abbrev  0x00003f7c       0xc1 /usr/lib/gcc/arm-none-eabi/14.2.0/../../../../arm-none-eabi/lib/thumb/v7e-m+fp/hard/libc_nano.a(libc_a-memcpy-stub.o)
 .debug_abbrev  0x0000403d      0x236 /usr/lib/gcc/arm-none-eabi/14.2.0/../../../../arm-none-eabi/lib/thumb/v7e-m+fp/hard/libc_nano.a(libc_a-freer.o)
 .debug_abbrev  0x00004273      0x1cf /usr/lib/gcc/arm-none-eabi/14.2.0/../../../../arm-none-eabi/lib/thumb/v7e-m+fp/hard/libc_nano.a(libc_a-malloc.o)
 .debug_abbrev  0x00004442      0x24a /usr/lib/gcc/arm-none-eabi/14.2.0/../../../../arm-none-eabi/lib/thumb/v7e-m+fp/hard/libc_nano.a(libc_a-mallocr.o)
 .debug_abbrev  0x0000468c      0x1bf /usr/lib/gcc/arm-none-eabi/14.2.0/../../../../arm-none-eabi/lib/thumb/v7e-m+fp/hard/libc_nano.a(libc_a-mlock.o)
 .debug_abbrev  0x0000484b      0x316 /usr/lib/gcc/arm-none-eabi/14.2.0/../../../../arm-none-eabi/lib/thumb/v7e-m+fp/hard/libc_nano.a(libc_a-nano-vfprintf.o)
 .debug_abbrev  0x00004b61      0x28e /usr/lib/gcc/arm-none-eabi/14.2.0/../../../../arm-none-eabi/lib/thumb/v7e-m+fp/hard/libc_nano.a(libc_a-nano-vfprintf_i.o)
 .debug_abbrev  0x00004def      0x2b2 /usr/lib/gcc/arm-none-eabi/14.2.0/../../../../arm-none-eabi/lib/thumb/v7e-m+fp/hard/libc_nano.a(libc_a-fflush.o)
 .debug_abbrev  0x000050a1      0x290 /usr/lib/gcc/arm-none-eabi/14.2.0/../../../../arm-none-eabi/lib/thumb/v7e-m+fp/hard/libc_nano.a(libc_a-makebuf.o)
 .debug_abbrev  0x00005331      0x1c3 /usr/lib/gcc/arm-none-eabi/14.2.0/../../../../arm-none-eabi/lib/thumb/v7e-m+fp/hard/libc_nano.a(libc_a-fstatr.o)
 .debug_abbrev  0x000054f4      0x1b0 /usr/lib/gcc/arm-none-eabi/14.2.0/../../../../arm-none-eabi/lib/thumb/v7e-m+fp/hard/libc_nano.a(libc_a-isattyr.o)
 .debug_abbrev  0x000056a4      0x1da /usr/lib/gcc/arm-none-eabi/14.2.0/../../../../arm-none-eabi/lib/thumb/v7e-m+fp/hard/libc_nano.a(libc_a-sbrkr.o)
 .debug_abbrev  0x0000587e       0x14 /usr/lib/gcc/arm-none-eabi/14.2.0/../../../../arm-none-eabi/lib/thumb/v7e-m+fp/hard/libc_nano.a(libc_a-memchr.o)

.debug_loclists
                0x00000000     0x6e2b
 .debug_loclists
                0x00000000       0x4a build/application/src/main.o
 .debug_loclists
                0x0000004a      0x19d build/application/src/nrf24l01.o
 .debug_loclists
                0x000001e7      0x144 build/application/src/usart.o
 .debug_loclists
                0x0000032b      0x2cd build/core/src/syscalls.o
 .debug_loclists
                0x000005f8       0x52 build/core/src/sysmem.o
 .debug_loclists
                0x0000064a       0xe7 build/drivers/stm32f4xx/system_stm32f4xx.o
 .debug_loclists
                0x00000731       0x7f build/middlewares/freertos/list.o
 .debug_loclists
                0x000007b0     0x1571 build/middlewares/freertos/queue.o
 .debug_loclists
                0x00001d21     0x2223 build/middlewares/freertos/tasks.o
 .debug_loclists
                0x00003f44      0xb69 build/middlewares/freertos/timers.o
 .debug_loclists
                0x00004aad      0x132 build/middlewares/freertos/portable/GCC/ARM_CM4F/port.o
 .debug_loclists
                0x00004bdf      0x2c7 build/middlewares/freertos/portable/MemMang/heap_4.o
 .debug_loclists
                0x00004ea6      0x2b6 /usr/lib/gcc/arm-none-eabi/14.2.0/../../../../arm-none-eabi/lib/thumb/v7e-m+fp/hard/libc_nano.a(libc_a-findfp.o)
 .debug_loclists
                0x0000515c       0x91 /usr/lib/gcc/arm-none-eabi/14.2.0/../../../../arm-none-eabi/lib/thumb/v7e-m+fp/hard/libc_nano.a(libc_a-fwalk.o)
 .debug_loclists
                0x000051ed       0x4a /usr/lib/gcc/arm-none-eabi/14.2.0/../../../../arm-none-eabi/lib/thumb/v7e-m+fp/hard/libc_nano.a(libc_a-printf.o)
 .debug_loclists
                0x00005237      0x1f9 /usr/lib/gcc/arm-none-eabi/14.2.0/../../../../arm-none-eabi/lib/thumb/v7e-m+fp/hard/libc_nano.a(libc_a-puts.o)
 .debug_loclists
                0x00005430      0x184 /usr/lib/gcc/arm-none-eabi/14.2.0/../../../../arm-none-eabi/lib/thumb/v7e-m+fp/hard/libc_nano.a(libc_a-setvbuf.o)
 .debug_loclists
                0x000055b4      0x25d /usr/lib/gcc/arm-none-eabi/14.2.0/../../../../arm-none-eabi/lib/thumb/v7e-m+fp/hard/libc_nano.a(libc_a-stdio.o)
 .debug_loclists
                0x00005811       0xf5 /usr/lib/gcc/arm-none-eabi/14.2.0/../../../../arm-none-eabi/lib/thumb/v7e-m+fp/hard/libc_nano.a(libc_a-wbuf.o)
 .debug_loclists
                0x00005906       0x41 /usr/lib/gcc/arm-none-eabi/14.2.0/../../../../arm-none-eabi/lib/thumb/v7e-m+fp/hard/libc_nano.a(libc_a-wsetup.o)
 .debug_loclists
                0x00005947       0x4d /usr/lib/gcc/arm-none-eabi/14.2.0/../../../../arm-none-eabi/lib/thumb/v7e-m+fp/hard/libc_nano.a(libc_a-memset.o)
 .debug_loclists
                0x00005994       0x58 /usr/lib/gcc/arm-none-eabi/14.2.0/../../../../arm-none-eabi/lib/thumb/v7e-m+fp/hard/libc_nano.a(libc_a-closer.o)
 .debug_loclists
                0x000059ec       0x9c /usr/lib/gcc/arm-none-eabi/14.2.0/../../../../arm-none-eabi/lib/thumb/v7e-m+fp/hard/libc_nano.a(libc_a-reent.o)
 .debug_loclists
                0x00005a88       0xa0 /usr/lib/gcc/arm-none-eabi/14.2.0/../../../../arm-none-eabi/lib/thumb/v7e-m+fp/hard/libc_nano.a(libc_a-lseekr.o)
 .debug_loclists
                0x00005b28       0xa0 /usr/lib/gcc/arm-none-eabi/14.2.0/../../../../arm-none-eabi/lib/thumb/v7e-m+fp/hard/libc_nano.a(libc_a-readr.o)
 .debug_loclists
                0x00005bc8       0xa0 /usr/lib/gcc/arm-none-eabi/14.2.0/../../../../arm-none-eabi/lib/thumb/v7e-m+fp/hard/libc_nano.a(libc_a-writer.o)
 .debug_loclists
                0x00005c68       0x54 /usr/lib/gcc/arm-none-eabi/14.2.0/../../../../arm-none-eabi/lib/thumb/v7e-m+fp/hard/libc_nano.a(libc_a-init.o)
 .debug_loclists
                0x00005cbc       0x29 /usr/lib/gcc/arm-none-eabi/14.2.0/../../../../arm-none-eabi/lib/thumb/v7e-m+fp/hard/libc_nano.a(libc_a-lock.o)
 .debug_loclists
                0x00005ce5       0xad /usr/lib/gcc/arm-none-eabi/14.2.0/../../../../arm-none-eabi/lib/thumb/v7e-m+fp/hard/libc_nano.a(libc_a-memcpy-stub.o)
 .debug_loclists
                0x00005d92       0xe0 /usr/lib/gcc/arm-none-eabi/14.2.0/../../../../arm-none-eabi/lib/thumb/v7e-m+fp/hard/libc_nano.a(libc_a-freer.o)
 .debug_loclists
                0x00005e72       0x54 /usr/lib/gcc/arm-none-eabi/14.2.0/../../../../arm-none-eabi/lib/thumb/v7e-m+fp/hard/libc_nano.a(libc_a-malloc.o)
 .debug_loclists
                0x00005ec6      0x23a /usr/lib/gcc/arm-none-eabi/14.2.0/../../../../arm-none-eabi/lib/thumb/v7e-m+fp/hard/libc_nano.a(libc_a-mallocr.o)
 .debug_loclists
                0x00006100       0x46 /usr/lib/gcc/arm-none-eabi/14.2.0/../../../../arm-none-eabi/lib/thumb/v7e-m+fp/hard/libc_nano.a(libc_a-mlock.o)
 .debug_loclists
                0x00006146      0x428 /usr/lib/gcc/arm-none-eabi/14.2.0/../../../../arm-none-eabi/lib/thumb/v7e-m+fp/hard/libc_nano.a(libc_a-nano-vfprintf.o)
 .debug_loclists
                0x0000656e      0x449 /usr/lib/gcc/arm-none-eabi/14.2.0/../../../../arm-none-eabi/lib/thumb/v7e-m+fp/hard/libc_nano.a(libc_a-nano-vfprintf_i.o)
 .debug_loclists
                0x000069b7      0x209 /usr/lib/gcc/arm-none-eabi/14.2.0/../../../../arm-none-eabi/lib/thumb/v7e-m+fp/hard/libc_nano.a(libc_a-fflush.o)
 .debug_loclists
                0x00006bc0      0x13f /usr/lib/gcc/arm-none-eabi/14.2.0/../../../../arm-none-eabi/lib/thumb/v7e-m+fp/hard/libc_nano.a(libc_a-makebuf.o)
 .debug_loclists
                0x00006cff       0x7c /usr/lib/gcc/arm-none-eabi/14.2.0/../../../../arm-none-eabi/lib/thumb/v7e-m+fp/hard/libc_nano.a(libc_a-fstatr.o)
 .debug_loclists
                0x00006d7b       0x58 /usr/lib/gcc/arm-none-eabi/14.2.0/../../../../arm-none-eabi/lib/thumb/v7e-m+fp/hard/libc_nano.a(libc_a-isattyr.o)
 .debug_loclists
                0x00006dd3       0x58 /usr/lib/gcc/arm-none-eabi/14.2.0/../../../../arm-none-eabi/lib/thumb/v7e-m+fp/hard/libc_nano.a(libc_a-sbrkr.o)

.debug_aranges  0x00000000      0xdd0
 .debug_aranges
                0x00000000       0x38 build/application/src/main.o
 .debug_aranges
                0x00000038       0x80 build/application/src/nrf24l01.o
 .debug_aranges
                0x000000b8       0x30 build/application/src/usart.o
 .debug_aranges
                0x000000e8       0x20 build/application/src/system_clock_config.o
 .debug_aranges
                0x00000108       0x28 build/core/src/segger_fault_handler.o
 .debug_aranges
                0x00000130       0xa8 build/core/src/syscalls.o
 .debug_aranges
                0x000001d8       0x20 build/core/src/sysmem.o
 .debug_aranges
                0x000001f8       0x28 build/drivers/stm32f4xx/system_stm32f4xx.o
 .debug_aranges
                0x00000220       0x40 build/middlewares/freertos/list.o
 .debug_aranges
                0x00000260      0x160 build/middlewares/freertos/queue.o
 .debug_aranges
                0x000003c0      0x290 build/middlewares/freertos/tasks.o
 .debug_aranges
                0x00000650      0x108 build/middlewares/freertos/timers.o
 .debug_aranges
                0x00000758       0x80 build/middlewares/freertos/portable/GCC/ARM_CM4F/port.o
 .debug_aranges
                0x000007d8       0x68 build/middlewares/freertos/portable/MemMang/heap_4.o
 .debug_aranges
                0x00000840       0x28 build/startup/startup_stm32f411xe.o
 .debug_aranges
                0x00000868       0x20 /usr/lib/gcc/arm-none-eabi/14.2.0/thumb/v7e-m+fp/hard/libgcc.a(_arm_addsubdf3.o)
 .debug_aranges
                0x00000888       0x20 /usr/lib/gcc/arm-none-eabi/14.2.0/thumb/v7e-m+fp/hard/libgcc.a(_arm_muldivdf3.o)
 .debug_aranges
                0x000008a8       0x20 /usr/lib/gcc/arm-none-eabi/14.2.0/thumb/v7e-m+fp/hard/libgcc.a(_arm_fixdfsi.o)
 .debug_aranges
                0x000008c8       0x78 /usr/lib/gcc/arm-none-eabi/14.2.0/../../../../arm-none-eabi/lib/thumb/v7e-m+fp/hard/libc_nano.a(libc_a-findfp.o)
 .debug_aranges
                0x00000940       0x20 /usr/lib/gcc/arm-none-eabi/14.2.0/../../../../arm-none-eabi/lib/thumb/v7e-m+fp/hard/libc_nano.a(libc_a-fwalk.o)
 .debug_aranges
                0x00000960       0x28 /usr/lib/gcc/arm-none-eabi/14.2.0/../../../../arm-none-eabi/lib/thumb/v7e-m+fp/hard/libc_nano.a(libc_a-printf.o)
 .debug_aranges
                0x00000988       0x28 /usr/lib/gcc/arm-none-eabi/14.2.0/../../../../arm-none-eabi/lib/thumb/v7e-m+fp/hard/libc_nano.a(libc_a-puts.o)
 .debug_aranges
                0x000009b0       0x20 /usr/lib/gcc/arm-none-eabi/14.2.0/../../../../arm-none-eabi/lib/thumb/v7e-m+fp/hard/libc_nano.a(libc_a-setvbuf.o)
 .debug_aranges
                0x000009d0       0x40 /usr/lib/gcc/arm-none-eabi/14.2.0/../../../../arm-none-eabi/lib/thumb/v7e-m+fp/hard/libc_nano.a(libc_a-stdio.o)
 .debug_aranges
                0x00000a10       0x28 /usr/lib/gcc/arm-none-eabi/14.2.0/../../../../arm-none-eabi/lib/thumb/v7e-m+fp/hard/libc_nano.a(libc_a-wbuf.o)
 .debug_aranges
                0x00000a38       0x20 /usr/lib/gcc/arm-none-eabi/14.2.0/../../../../arm-none-eabi/lib/thumb/v7e-m+fp/hard/libc_nano.a(libc_a-wsetup.o)
 .debug_aranges
                0x00000a58       0x20 /usr/lib/gcc/arm-none-eabi/14.2.0/../../../../arm-none-eabi/lib/thumb/v7e-m+fp/hard/libc_nano.a(libc_a-memset.o)
 .debug_aranges
                0x00000a78       0x20 /usr/lib/gcc/arm-none-eabi/14.2.0/../../../../arm-none-eabi/lib/thumb/v7e-m+fp/hard/libc_nano.a(libc_a-closer.o)
 .debug_aranges
                0x00000a98       0x20 /usr/lib/gcc/arm-none-eabi/14.2.0/../../../../arm-none-eabi/lib/thumb/v7e-m+fp/hard/libc_nano.a(libc_a-reent.o)
 .debug_aranges
                0x00000ab8       0x18 /usr/lib/gcc/arm-none-eabi/14.2.0/../../../../arm-none-eabi/lib/thumb/v7e-m+fp/hard/libc_nano.a(libc_a-impure.o)
 .debug_aranges
                0x00000ad0       0x20 /usr/lib/gcc/arm-none-eabi/14.2.0/../../../../arm-none-eabi/lib/thumb/v7e-m+fp/hard/libc_nano.a(libc_a-lseekr.o)
 .debug_aranges
                0x00000af0       0x20 /usr/lib/gcc/arm-none-eabi/14.2.0/../../../../arm-none-eabi/lib/thumb/v7e-m+fp/hard/libc_nano.a(libc_a-readr.o)
 .debug_aranges
                0x00000b10       0x20 /usr/lib/gcc/arm-none-eabi/14.2.0/../../../../arm-none-eabi/lib/thumb/v7e-m+fp/hard/libc_nano.a(libc_a-writer.o)
 .debug_aranges
                0x00000b30       0x20 /usr/lib/gcc/arm-none-eabi/14.2.0/../../../../arm-none-eabi/lib/thumb/v7e-m+fp/hard/libc_nano.a(libc_a-errno.o)
 .debug_aranges
                0x00000b50       0x20 /usr/lib/gcc/arm-none-eabi/14.2.0/../../../../arm-none-eabi/lib/thumb/v7e-m+fp/hard/libc_nano.a(libc_a-init.o)
 .debug_aranges
                0x00000b70       0x68 /usr/lib/gcc/arm-none-eabi/14.2.0/../../../../arm-none-eabi/lib/thumb/v7e-m+fp/hard/libc_nano.a(libc_a-lock.o)
 .debug_aranges
                0x00000bd8       0x20 /usr/lib/gcc/arm-none-eabi/14.2.0/../../../../arm-none-eabi/lib/thumb/v7e-m+fp/hard/libc_nano.a(libc_a-memcpy-stub.o)
 .debug_aranges
                0x00000bf8       0x20 /usr/lib/gcc/arm-none-eabi/14.2.0/../../../../arm-none-eabi/lib/thumb/v7e-m+fp/hard/libc_nano.a(libc_a-freer.o)
 .debug_aranges
                0x00000c18       0x28 /usr/lib/gcc/arm-none-eabi/14.2.0/../../../../arm-none-eabi/lib/thumb/v7e-m+fp/hard/libc_nano.a(libc_a-malloc.o)
 .debug_aranges
                0x00000c40       0x28 /usr/lib/gcc/arm-none-eabi/14.2.0/../../../../arm-none-eabi/lib/thumb/v7e-m+fp/hard/libc_nano.a(libc_a-mallocr.o)
 .debug_aranges
                0x00000c68       0x28 /usr/lib/gcc/arm-none-eabi/14.2.0/../../../../arm-none-eabi/lib/thumb/v7e-m+fp/hard/libc_nano.a(libc_a-mlock.o)
 .debug_aranges
                0x00000c90       0x40 /usr/lib/gcc/arm-none-eabi/14.2.0/../../../../arm-none-eabi/lib/thumb/v7e-m+fp/hard/libc_nano.a(libc_a-nano-vfprintf.o)
 .debug_aranges
                0x00000cd0       0x28 /usr/lib/gcc/arm-none-eabi/14.2.0/../../../../arm-none-eabi/lib/thumb/v7e-m+fp/hard/libc_nano.a(libc_a-nano-vfprintf_i.o)
 .debug_aranges
                0x00000cf8       0x30 /usr/lib/gcc/arm-none-eabi/14.2.0/../../../../arm-none-eabi/lib/thumb/v7e-m+fp/hard/libc_nano.a(libc_a-fflush.o)
 .debug_aranges
                0x00000d28       0x28 /usr/lib/gcc/arm-none-eabi/14.2.0/../../../../arm-none-eabi/lib/thumb/v7e-m+fp/hard/libc_nano.a(libc_a-makebuf.o)
 .debug_aranges
                0x00000d50       0x20 /usr/lib/gcc/arm-none-eabi/14.2.0/../../../../arm-none-eabi/lib/thumb/v7e-m+fp/hard/libc_nano.a(libc_a-fstatr.o)
 .debug_aranges
                0x00000d70       0x20 /usr/lib/gcc/arm-none-eabi/14.2.0/../../../../arm-none-eabi/lib/thumb/v7e-m+fp/hard/libc_nano.a(libc_a-isattyr.o)
 .debug_aranges
                0x00000d90       0x20 /usr/lib/gcc/arm-none-eabi/14.2.0/../../../../arm-none-eabi/lib/thumb/v7e-m+fp/hard/libc_nano.a(libc_a-sbrkr.o)
 .debug_aranges
                0x00000db0       0x20 /usr/lib/gcc/arm-none-eabi/14.2.0/../../../../arm-none-eabi/lib/thumb/v7e-m+fp/hard/libc_nano.a(libc_a-memchr.o)

.debug_rnglists
                0x00000000      0xc3a
 .debug_rnglists
                0x00000000       0x26 build/application/src/main.o
 .debug_rnglists
                0x00000026       0x5c build/application/src/nrf24l01.o
 .debug_rnglists
                0x00000082       0x20 build/application/src/usart.o
 .debug_rnglists
                0x000000a2       0x14 build/application/src/system_clock_config.o
 .debug_rnglists
                0x000000b6       0x19 build/core/src/segger_fault_handler.o
 .debug_rnglists
                0x000000cf       0x79 build/core/src/syscalls.o
 .debug_rnglists
                0x00000148       0x13 build/core/src/sysmem.o
 .debug_rnglists
                0x0000015b       0x1a build/drivers/stm32f4xx/system_stm32f4xx.o
 .debug_rnglists
                0x00000175       0x2b build/middlewares/freertos/list.o
 .debug_rnglists
                0x000001a0      0x17a build/middlewares/freertos/queue.o
 .debug_rnglists
                0x0000031a      0x369 build/middlewares/freertos/tasks.o
 .debug_rnglists
                0x00000683       0xc3 build/middlewares/freertos/timers.o
 .debug_rnglists
                0x00000746       0x5c build/middlewares/freertos/portable/GCC/ARM_CM4F/port.o
 .debug_rnglists
                0x000007a2       0x4b build/middlewares/freertos/portable/MemMang/heap_4.o
 .debug_rnglists
                0x000007ed       0x19 build/startup/startup_stm32f411xe.o
 .debug_rnglists
                0x00000806       0x7d /usr/lib/gcc/arm-none-eabi/14.2.0/../../../../arm-none-eabi/lib/thumb/v7e-m+fp/hard/libc_nano.a(libc_a-findfp.o)
 .debug_rnglists
                0x00000883       0x13 /usr/lib/gcc/arm-none-eabi/14.2.0/../../../../arm-none-eabi/lib/thumb/v7e-m+fp/hard/libc_nano.a(libc_a-fwalk.o)
 .debug_rnglists
                0x00000896       0x19 /usr/lib/gcc/arm-none-eabi/14.2.0/../../../../arm-none-eabi/lib/thumb/v7e-m+fp/hard/libc_nano.a(libc_a-printf.o)
 .debug_rnglists
                0x000008af       0x44 /usr/lib/gcc/arm-none-eabi/14.2.0/../../../../arm-none-eabi/lib/thumb/v7e-m+fp/hard/libc_nano.a(libc_a-puts.o)
 .debug_rnglists
                0x000008f3       0x20 /usr/lib/gcc/arm-none-eabi/14.2.0/../../../../arm-none-eabi/lib/thumb/v7e-m+fp/hard/libc_nano.a(libc_a-setvbuf.o)
 .debug_rnglists
                0x00000913       0x2b /usr/lib/gcc/arm-none-eabi/14.2.0/../../../../arm-none-eabi/lib/thumb/v7e-m+fp/hard/libc_nano.a(libc_a-stdio.o)
 .debug_rnglists
                0x0000093e       0x25 /usr/lib/gcc/arm-none-eabi/14.2.0/../../../../arm-none-eabi/lib/thumb/v7e-m+fp/hard/libc_nano.a(libc_a-wbuf.o)
 .debug_rnglists
                0x00000963       0x26 /usr/lib/gcc/arm-none-eabi/14.2.0/../../../../arm-none-eabi/lib/thumb/v7e-m+fp/hard/libc_nano.a(libc_a-wsetup.o)
 .debug_rnglists
                0x00000989       0x13 /usr/lib/gcc/arm-none-eabi/14.2.0/../../../../arm-none-eabi/lib/thumb/v7e-m+fp/hard/libc_nano.a(libc_a-memset.o)
 .debug_rnglists
                0x0000099c       0x13 /usr/lib/gcc/arm-none-eabi/14.2.0/../../../../arm-none-eabi/lib/thumb/v7e-m+fp/hard/libc_nano.a(libc_a-closer.o)
 .debug_rnglists
                0x000009af       0x2c /usr/lib/gcc/arm-none-eabi/14.2.0/../../../../arm-none-eabi/lib/thumb/v7e-m+fp/hard/libc_nano.a(libc_a-reent.o)
 .debug_rnglists
                0x000009db       0x13 /usr/lib/gcc/arm-none-eabi/14.2.0/../../../../arm-none-eabi/lib/thumb/v7e-m+fp/hard/libc_nano.a(libc_a-lseekr.o)
 .debug_rnglists
                0x000009ee       0x13 /usr/lib/gcc/arm-none-eabi/14.2.0/../../../../arm-none-eabi/lib/thumb/v7e-m+fp/hard/libc_nano.a(libc_a-readr.o)
 .debug_rnglists
                0x00000a01       0x13 /usr/lib/gcc/arm-none-eabi/14.2.0/../../../../arm-none-eabi/lib/thumb/v7e-m+fp/hard/libc_nano.a(libc_a-writer.o)
 .debug_rnglists
                0x00000a14       0x13 /usr/lib/gcc/arm-none-eabi/14.2.0/../../../../arm-none-eabi/lib/thumb/v7e-m+fp/hard/libc_nano.a(libc_a-errno.o)
 .debug_rnglists
                0x00000a27       0x13 /usr/lib/gcc/arm-none-eabi/14.2.0/../../../../arm-none-eabi/lib/thumb/v7e-m+fp/hard/libc_nano.a(libc_a-init.o)
 .debug_rnglists
                0x00000a3a       0x49 /usr/lib/gcc/arm-none-eabi/14.2.0/../../../../arm-none-eabi/lib/thumb/v7e-m+fp/hard/libc_nano.a(libc_a-lock.o)
 .debug_rnglists
                0x00000a83       0x13 /usr/lib/gcc/arm-none-eabi/14.2.0/../../../../arm-none-eabi/lib/thumb/v7e-m+fp/hard/libc_nano.a(libc_a-memcpy-stub.o)
 .debug_rnglists
                0x00000a96       0x14 /usr/lib/gcc/arm-none-eabi/14.2.0/../../../../arm-none-eabi/lib/thumb/v7e-m+fp/hard/libc_nano.a(libc_a-freer.o)
 .debug_rnglists
                0x00000aaa       0x19 /usr/lib/gcc/arm-none-eabi/14.2.0/../../../../arm-none-eabi/lib/thumb/v7e-m+fp/hard/libc_nano.a(libc_a-malloc.o)
 .debug_rnglists
                0x00000ac3       0x2c /usr/lib/gcc/arm-none-eabi/14.2.0/../../../../arm-none-eabi/lib/thumb/v7e-m+fp/hard/libc_nano.a(libc_a-mallocr.o)
 .debug_rnglists
                0x00000aef       0x19 /usr/lib/gcc/arm-none-eabi/14.2.0/../../../../arm-none-eabi/lib/thumb/v7e-m+fp/hard/libc_nano.a(libc_a-mlock.o)
 .debug_rnglists
                0x00000b08       0x38 /usr/lib/gcc/arm-none-eabi/14.2.0/../../../../arm-none-eabi/lib/thumb/v7e-m+fp/hard/libc_nano.a(libc_a-nano-vfprintf.o)
 .debug_rnglists
                0x00000b40       0x61 /usr/lib/gcc/arm-none-eabi/14.2.0/../../../../arm-none-eabi/lib/thumb/v7e-m+fp/hard/libc_nano.a(libc_a-nano-vfprintf_i.o)
 .debug_rnglists
                0x00000ba1       0x3b /usr/lib/gcc/arm-none-eabi/14.2.0/../../../../arm-none-eabi/lib/thumb/v7e-m+fp/hard/libc_nano.a(libc_a-fflush.o)
 .debug_rnglists
                0x00000bdc       0x25 /usr/lib/gcc/arm-none-eabi/14.2.0/../../../../arm-none-eabi/lib/thumb/v7e-m+fp/hard/libc_nano.a(libc_a-makebuf.o)
 .debug_rnglists
                0x00000c01       0x13 /usr/lib/gcc/arm-none-eabi/14.2.0/../../../../arm-none-eabi/lib/thumb/v7e-m+fp/hard/libc_nano.a(libc_a-fstatr.o)
 .debug_rnglists
                0x00000c14       0x13 /usr/lib/gcc/arm-none-eabi/14.2.0/../../../../arm-none-eabi/lib/thumb/v7e-m+fp/hard/libc_nano.a(libc_a-isattyr.o)
 .debug_rnglists
                0x00000c27       0x13 /usr/lib/gcc/arm-none-eabi/14.2.0/../../../../arm-none-eabi/lib/thumb/v7e-m+fp/hard/libc_nano.a(libc_a-sbrkr.o)

.debug_macro    0x00000000    0x148f5
 .debug_macro   0x00000000      0x26d build/application/src/main.o
 .debug_macro   0x0000026d      0xc16 build/application/src/main.o
 .debug_macro   0x00000e83      0x197 build/application/src/main.o
 .debug_macro   0x0000101a       0x1c build/application/src/main.o
 .debug_macro   0x00001036       0x22 build/application/src/main.o
 .debug_macro   0x00001058       0x8e build/application/src/main.o
 .debug_macro   0x000010e6       0x51 build/application/src/main.o
 .debug_macro   0x00001137      0x103 build/application/src/main.o
 .debug_macro   0x0000123a       0x6a build/application/src/main.o
 .debug_macro   0x000012a4      0x1df build/application/src/main.o
 .debug_macro   0x00001483       0x16 build/application/src/main.o
 .debug_macro   0x00001499      0x1a0 build/application/src/main.o
 .debug_macro   0x00001639       0x16 build/application/src/main.o
 .debug_macro   0x0000164f      0x182 build/application/src/main.o
 .debug_macro   0x000017d1       0xc5 build/application/src/main.o
 .debug_macro   0x00001896       0x22 build/application/src/main.o
 .debug_macro   0x000018b8       0x1f build/application/src/main.o
 .debug_macro   0x000018d7       0x12 build/application/src/main.o
 .debug_macro   0x000018e9     0x106b build/application/src/main.o
 .debug_macro   0x00002954       0x22 build/application/src/main.o
 .debug_macro   0x00002976       0x1c build/application/src/main.o
 .debug_macro   0x00002992       0x22 build/application/src/main.o
 .debug_macro   0x000029b4       0xd9 build/application/src/main.o
 .debug_macro   0x00002a8d     0x102d build/application/src/main.o
 .debug_macro   0x00003aba      0x11f build/application/src/main.o
 .debug_macro   0x00003bd9     0xb937 build/application/src/main.o
 .debug_macro   0x0000f510       0xc3 build/application/src/main.o
 .debug_macro   0x0000f5d3      0x14f build/application/src/main.o
 .debug_macro   0x0000f722       0x74 build/application/src/main.o
 .debug_macro   0x0000f796       0x2a build/application/src/main.o
 .debug_macro   0x0000f7c0       0x3c build/application/src/main.o
 .debug_macro   0x0000f7fc       0x34 build/application/src/main.o
 .debug_macro   0x0000f830       0x16 build/application/src/main.o
 .debug_macro   0x0000f846       0x3c build/application/src/main.o
 .debug_macro   0x0000f882      0x380 build/application/src/main.o
 .debug_macro   0x0000fc02       0x10 build/application/src/main.o
 .debug_macro   0x0000fc12       0x16 build/application/src/main.o
 .debug_macro   0x0000fc28       0x4a build/application/src/main.o
 .debug_macro   0x0000fc72       0x34 build/application/src/main.o
 .debug_macro   0x0000fca6       0x10 build/application/src/main.o
 .debug_macro   0x0000fcb6       0x58 build/application/src/main.o
 .debug_macro   0x0000fd0e      0x1e5 build/application/src/main.o
 .debug_macro   0x0000fef3       0x16 build/application/src/main.o
 .debug_macro   0x0000ff09       0x16 build/application/src/main.o
 .debug_macro   0x0000ff1f      0x138 build/application/src/main.o
 .debug_macro   0x00010057       0x16 build/application/src/main.o
 .debug_macro   0x0001006d      0x122 build/application/src/main.o
 .debug_macro   0x0001018f      0x286 build/application/src/nrf24l01.o
 .debug_macro   0x00010415      0xacc build/application/src/nrf24l01.o
 .debug_macro   0x00010ee1      0x190 build/application/src/nrf24l01.o
 .debug_macro   0x00011071     0x102d build/application/src/nrf24l01.o
 .debug_macro   0x0001209e       0x34 build/application/src/nrf24l01.o
 .debug_macro   0x000120d2       0x3c build/application/src/nrf24l01.o
 .debug_macro   0x0001210e      0x364 build/application/src/nrf24l01.o
 .debug_macro   0x00012472       0x4a build/application/src/nrf24l01.o
 .debug_macro   0x000124bc      0x170 build/application/src/nrf24l01.o
 .debug_macro   0x0001262c      0x11c build/application/src/nrf24l01.o
 .debug_macro   0x00012748      0x268 build/application/src/usart.o
 .debug_macro   0x000129b0      0x268 build/application/src/system_clock_config.o
 .debug_macro   0x00012c18       0x47 build/core/src/segger_fault_handler.o
 .debug_macro   0x00012c5f      0x265 build/core/src/syscalls.o
 .debug_macro   0x00012ec4       0x10 build/core/src/syscalls.o
 .debug_macro   0x00012ed4       0x6e build/core/src/syscalls.o
 .debug_macro   0x00012f42       0x94 build/core/src/syscalls.o
 .debug_macro   0x00012fd6       0x57 build/core/src/syscalls.o
 .debug_macro   0x0001302d      0x23c build/core/src/syscalls.o
 .debug_macro   0x00013269       0x10 build/core/src/syscalls.o
 .debug_macro   0x00013279       0x1c build/core/src/syscalls.o
 .debug_macro   0x00013295       0x52 build/core/src/syscalls.o
 .debug_macro   0x000132e7       0x22 build/core/src/syscalls.o
 .debug_macro   0x00013309       0x10 build/core/src/syscalls.o
 .debug_macro   0x00013319       0x52 build/core/src/syscalls.o
 .debug_macro   0x0001336b       0xcf build/core/src/syscalls.o
 .debug_macro   0x0001343a       0x1c build/core/src/syscalls.o
 .debug_macro   0x00013456       0x3d build/core/src/syscalls.o
 .debug_macro   0x00013493      0x18a build/core/src/syscalls.o
 .debug_macro   0x0001361d       0x16 build/core/src/syscalls.o
 .debug_macro   0x00013633       0x1c build/core/src/syscalls.o
 .debug_macro   0x0001364f       0x10 build/core/src/syscalls.o
 .debug_macro   0x0001365f       0x16 build/core/src/syscalls.o
 .debug_macro   0x00013675       0x16 build/core/src/syscalls.o
 .debug_macro   0x0001368b       0x29 build/core/src/syscalls.o
 .debug_macro   0x000136b4       0x16 build/core/src/syscalls.o
 .debug_macro   0x000136ca       0x10 build/core/src/syscalls.o
 .debug_macro   0x000136da       0x10 build/core/src/syscalls.o
 .debug_macro   0x000136ea       0x35 build/core/src/syscalls.o
 .debug_macro   0x0001371f      0x12c build/core/src/syscalls.o
 .debug_macro   0x0001384b       0xce build/core/src/syscalls.o
 .debug_macro   0x00013919       0xff build/core/src/sysmem.o
 .debug_macro   0x00013a18       0xe0 build/drivers/stm32f4xx/system_stm32f4xx.o
 .debug_macro   0x00013af8       0x39 build/drivers/stm32f4xx/system_stm32f4xx.o
 .debug_macro   0x00013b31       0x43 build/drivers/stm32f4xx/system_stm32f4xx.o
 .debug_macro   0x00013b74      0x193 build/middlewares/freertos/list.o
 .debug_macro   0x00013d07      0x225 build/middlewares/freertos/queue.o
 .debug_macro   0x00013f2c       0x8e build/middlewares/freertos/queue.o
 .debug_macro   0x00013fba      0x2b2 build/middlewares/freertos/tasks.o
 .debug_macro   0x0001426c       0x17 build/middlewares/freertos/tasks.o
 .debug_macro   0x00014283      0x1e2 build/middlewares/freertos/timers.o
 .debug_macro   0x00014465       0x9e build/middlewares/freertos/timers.o
 .debug_macro   0x00014503      0x1cf build/middlewares/freertos/portable/GCC/ARM_CM4F/port.o
 .debug_macro   0x000146d2      0x223 build/middlewares/freertos/portable/MemMang/heap_4.o

.debug_line     0x00000000     0xdabf
 .debug_line    0x00000000      0x683 build/application/src/main.o